# Design: Design exe2 already active.
# DESIGN: Default Design Language: VHDL
# DESIGN: Default BDE Language: VHDL
# DESIGN: C-Synthesis: Not Defined
# DESIGN: HDL Synthesis: Not Defined
# DESIGN: Physical Synthesis: Not Defined
# DESIGN: Implementation: Not Defined
acom -reorder -O3 -e 100 -work exe2 -2002  $dsn/src/exe2.vhd
# Warning: DAGGEN_0523: The source is compiled without the -dbg switch. Line breakpoints and assertion debug will not be available.
# File: D:/CAD-HW04-HanieVatani/exe2/exe2/src/exe2.vhd
# Compile Entity "exe2"
# Compile Architecture "exe2" of Entity "exe2"
# Error: COMP96_0026: exe2.vhd : (36, 21): Type definition expected.
# Compile failure 1 Errors 0 Warnings  Analysis time :  32.0 [ms]
acom -O3 -e 100 -work exe2 -2002  $dsn/src/exe2.vhd
# Warning: DAGGEN_0523: The source is compiled without the -dbg switch. Line breakpoints and assertion debug will not be available.
# File: D:/CAD-HW04-HanieVatani/exe2/exe2/src/exe2.vhd
# Compile Entity "exe2"
# Compile Architecture "exe2" of Entity "exe2"
# Error: COMP96_0026: exe2.vhd : (36, 21): Type definition expected.
# Compile failure 1 Errors 0 Warnings  Analysis time :  0.0 [ms]
acom -O3 -e 100 -work exe2 -2002  $dsn/src/exe2.vhd
# Warning: DAGGEN_0523: The source is compiled without the -dbg switch. Line breakpoints and assertion debug will not be available.
# File: D:/CAD-HW04-HanieVatani/exe2/exe2/src/exe2.vhd
# Compile Entity "exe2"
# Compile Architecture "exe2" of Entity "exe2"
# Error: COMP96_0026: exe2.vhd : (36, 21): Type definition expected.
# Compile failure 1 Errors 0 Warnings  Analysis time :  0.0 [ms]
acom -O3 -e 100 -work exe2 -2002  $dsn/src/exe2.vhd
# Warning: DAGGEN_0523: The source is compiled without the -dbg switch. Line breakpoints and assertion debug will not be available.
# File: D:/CAD-HW04-HanieVatani/exe2/exe2/src/exe2.vhd
# Compile Entity "exe2"
# Compile Architecture "exe2" of Entity "exe2"
# Error: COMP96_0393: exe2.vhd : (44, 12): Cannot read output : "carIn".
# Error: COMP96_0393: exe2.vhd : (45, 13): Cannot read output : "carOut".
# Error: COMP96_0393: exe2.vhd : (65, 17): Cannot read output : "carOut".
# Error: COMP96_0393: exe2.vhd : (76, 16): Cannot read output : "carIn".
# Compile failure 4 Errors 0 Warnings  Analysis time :  15.0 [ms]
acom -O3 -e 100 -work exe2 -2002  $dsn/src/exe2.vhd
# Warning: DAGGEN_0523: The source is compiled without the -dbg switch. Line breakpoints and assertion debug will not be available.
# File: D:/CAD-HW04-HanieVatani/exe2/exe2/src/exe2.vhd
# Compile Entity "exe2"
# Compile Architecture "exe2" of Entity "exe2"
# Error: COMP96_0393: exe2.vhd : (63, 17): Cannot read output : "carOut".
# Error: COMP96_0393: exe2.vhd : (74, 16): Cannot read output : "carIn".
# Compile failure 2 Errors 0 Warnings  Analysis time :  16.0 [ms]
acom -O3 -e 100 -work exe2 -2002  $dsn/src/exe2.vhd
# Warning: DAGGEN_0523: The source is compiled without the -dbg switch. Line breakpoints and assertion debug will not be available.
# File: D:/CAD-HW04-HanieVatani/exe2/exe2/src/exe2.vhd
# Compile Entity "exe2"
# Compile Architecture "exe2" of Entity "exe2"
# Error: ELBWRITE_0028: exe2.vhd : (86, 0): The unresolved signal "carIn" received values from multiple sources at 86 and 52 lines.
# Error: ELBWRITE_0028: exe2.vhd : (87, 0): The unresolved signal "carOut" received values from multiple sources at 87 and 53 lines.
# Compile failure 2 Errors 0 Warnings  Analysis time :  15.0 [ms]
acom -O3 -e 100 -work exe2 -2002  $dsn/src/exe2.vhd
# Warning: DAGGEN_0523: The source is compiled without the -dbg switch. Line breakpoints and assertion debug will not be available.
# File: D:/CAD-HW04-HanieVatani/exe2/exe2/src/exe2.vhd
# Compile Entity "exe2"
# Compile Architecture "exe2" of Entity "exe2"
# Compile success 0 Errors 0 Warnings  Analysis time :  0.1 [s]
acom -O3 -e 100 -work exe2 -2002  $dsn/src/TestBench/exe2_TB.vhd
# Warning: DAGGEN_0523: The source is compiled without the -dbg switch. Line breakpoints and assertion debug will not be available.
# File: D:/CAD-HW04-HanieVatani/exe2/exe2/src/TestBench/exe2_TB.vhd
# Compile Entity "exe2_tb"
# Compile Architecture "TB_ARCHITECTURE" of Entity "exe2_tb"
# Compile Configuration "TESTBENCH_FOR_exe2"
# Compile success 0 Errors 0 Warnings  Analysis time :  31.0 [ms]
SetActiveLib -work
comp -include "$dsn\src\exe2.vhd" 
# Warning: DAGGEN_0523: The source is compiled without the -dbg switch. Line breakpoints and assertion debug will not be available.
# File: D:/CAD-HW04-HanieVatani/exe2/exe2/src/exe2.vhd
# Compile Entity "exe2"
# Compile Architecture "exe2" of Entity "exe2"
# Compile success 0 Errors 0 Warnings  Analysis time :  47.0 [ms]
comp -include "$dsn\src\TestBench\exe2_TB.vhd" 
# Warning: DAGGEN_0523: The source is compiled without the -dbg switch. Line breakpoints and assertion debug will not be available.
# File: D:/CAD-HW04-HanieVatani/exe2/exe2/src/TestBench/exe2_TB.vhd
# Compile Entity "exe2_tb"
# Compile Architecture "TB_ARCHITECTURE" of Entity "exe2_tb"
# Compile Configuration "TESTBENCH_FOR_exe2"
# Compile success 0 Errors 0 Warnings  Analysis time :  47.0 [ms]
asim +access +r TESTBENCH_FOR_exe2 
# ELBREAD: Elaboration process.
# ELBREAD: Elaboration time 0.1 [s].
# VSIM: Stack memory: 32MB
# VSIM: Retval memory: 32MB
# KERNEL: Main thread initiated.
# KERNEL: Kernel process initialization phase.
# ELAB2: Elaboration final pass...
# ELAB2: Create instances ...
# KERNEL: Time resolution set to 1ps.
# ELAB2: Create instances complete.
# SLP: Started
# SLP: Elaboration phase ...
# SLP: Elaboration phase ... skipped, nothing to simulate in SLP mode : 0.0 [s]
# SLP: Finished : 0.0 [s]
# ELAB2: Elaboration final pass complete - time: 0.2 [s].
# KERNEL: Kernel process initialization done.
# Allocation: Simulator allocated 5403 kB (elbread=427 elab2=4836 kernel=139 sdf=0)
# KERNEL: ASDB file was created in location D:\CAD-HW04-HanieVatani\exe2\exe2\src\wave.asdb
#  3:59 PM, Thursday, December 28, 2023
#  Simulation has been initialized
wave 
wave -noreg Reset
wave -noreg CLK
wave -noreg sensorA
wave -noreg sensorB
wave -noreg carIn
wave -noreg carOut
# # The following lines can be used for timing simulation
# # acom <backannotated_vhdl_file_name>
# # comp -include "$dsn\src\TestBench\exe2_TB_tim_cfg.vhd" 
# # asim +access +r TIMING_FOR_exe2 
# VSIM: 6 object(s) traced.
# Waveform file 'untitled.awc' connected to 'D:/CAD-HW04-HanieVatani/exe2/exe2/src/wave.asdb'.
# VSIM: 5 object(s) traced.
run
# KERNEL: Simulation has finished. There are no more test vectors to simulate.
acom -O3 -e 100 -work exe2 -2002  $dsn/src/exe2.vhd
# Warning: DAGGEN_0523: The source is compiled without the -dbg switch. Line breakpoints and assertion debug will not be available.
# File: D:/CAD-HW04-HanieVatani/exe2/exe2/src/exe2.vhd
# Compile Entity "exe2"
# Compile Architecture "exe2" of Entity "exe2"
# Compile success 0 Errors 0 Warnings  Analysis time :  31.0 [ms]
acom -O3 -e 100 -work exe2 -2002  $dsn/src/TestBench/exe2_TB.vhd
# Warning: DAGGEN_0523: The source is compiled without the -dbg switch. Line breakpoints and assertion debug will not be available.
# File: D:/CAD-HW04-HanieVatani/exe2/exe2/src/TestBench/exe2_TB.vhd
# Compile Entity "exe2_tb"
# Compile Architecture "TB_ARCHITECTURE" of Entity "exe2_tb"
# Compile Configuration "TESTBENCH_FOR_exe2"
# Compile success 0 Errors 0 Warnings  Analysis time :  31.0 [ms]
SetActiveLib -work
comp -include "$dsn\src\exe2.vhd" 
# Warning: DAGGEN_0523: The source is compiled without the -dbg switch. Line breakpoints and assertion debug will not be available.
# File: D:/CAD-HW04-HanieVatani/exe2/exe2/src/exe2.vhd
# Compile Entity "exe2"
# Compile Architecture "exe2" of Entity "exe2"
# Compile success 0 Errors 0 Warnings  Analysis time :  31.0 [ms]
comp -include "$dsn\src\TestBench\exe2_TB.vhd" 
# Warning: DAGGEN_0523: The source is compiled without the -dbg switch. Line breakpoints and assertion debug will not be available.
# File: D:/CAD-HW04-HanieVatani/exe2/exe2/src/TestBench/exe2_TB.vhd
# Compile Entity "exe2_tb"
# Compile Architecture "TB_ARCHITECTURE" of Entity "exe2_tb"
# Compile Configuration "TESTBENCH_FOR_exe2"
# Compile success 0 Errors 0 Warnings  Analysis time :  47.0 [ms]
asim +access +r TESTBENCH_FOR_exe2 
# VSIM: Simulation has finished.
# ELBREAD: Elaboration process.
# ELBREAD: Elaboration time 0.2 [s].
# VSIM: Stack memory: 32MB
# VSIM: Retval memory: 32MB
# KERNEL: Main thread initiated.
# KERNEL: Kernel process initialization phase.
# ELAB2: Elaboration final pass...
# ELAB2: Create instances ...
# KERNEL: Time resolution set to 1ps.
# ELAB2: Create instances complete.
# SLP: Started
# SLP: Elaboration phase ...
# SLP: Elaboration phase ... skipped, nothing to simulate in SLP mode : 0.0 [s]
# SLP: Finished : 0.0 [s]
# ELAB2: Elaboration final pass complete - time: 0.1 [s].
# KERNEL: Kernel process initialization done.
# Allocation: Simulator allocated 5403 kB (elbread=427 elab2=4836 kernel=139 sdf=0)
# KERNEL: ASDB file was created in location D:\CAD-HW04-HanieVatani\exe2\exe2\src\wave.asdb
#  4:01 PM, Thursday, December 28, 2023
#  Simulation has been initialized
wave 
wave -noreg Reset
wave -noreg CLK
wave -noreg sensorA
wave -noreg sensorB
wave -noreg carIn
wave -noreg carOut
# # The following lines can be used for timing simulation
# # acom <backannotated_vhdl_file_name>
# # comp -include "$dsn\src\TestBench\exe2_TB_tim_cfg.vhd" 
# # asim +access +r TIMING_FOR_exe2 
# VSIM: 6 object(s) traced.
# Waveform file 'untitled.awc' connected to 'D:/CAD-HW04-HanieVatani/exe2/exe2/src/wave.asdb'.
# VSIM: 5 object(s) traced.
run
# KERNEL: Simulation has finished. There are no more test vectors to simulate.
acom -O3 -e 100 -work exe2 -2002  $dsn/src/exe2.vhd
# Warning: DAGGEN_0523: The source is compiled without the -dbg switch. Line breakpoints and assertion debug will not be available.
# File: D:/CAD-HW04-HanieVatani/exe2/exe2/src/exe2.vhd
# Compile Entity "exe2"
# Compile Architecture "exe2" of Entity "exe2"
# Compile success 0 Errors 0 Warnings  Analysis time :  31.0 [ms]
acom -O3 -e 100 -work exe2 -2002  $dsn/src/exe2.vhd
# Warning: DAGGEN_0523: The source is compiled without the -dbg switch. Line breakpoints and assertion debug will not be available.
# File: D:/CAD-HW04-HanieVatani/exe2/exe2/src/exe2.vhd
# Compile Entity "exe2"
# Compile Architecture "exe2" of Entity "exe2"
# Compile success 0 Errors 0 Warnings  Analysis time :  32.0 [ms]
acom -O3 -e 100 -work exe2 -2002  $dsn/src/TestBench/exe2_TB.vhd
# Warning: DAGGEN_0523: The source is compiled without the -dbg switch. Line breakpoints and assertion debug will not be available.
# File: D:/CAD-HW04-HanieVatani/exe2/exe2/src/TestBench/exe2_TB.vhd
# Compile Entity "exe2_tb"
# Compile Architecture "TB_ARCHITECTURE" of Entity "exe2_tb"
# Compile Configuration "TESTBENCH_FOR_exe2"
# Compile success 0 Errors 0 Warnings  Analysis time :  31.0 [ms]
acom -O3 -e 100 -work exe2 -2002  $dsn/src/exe2.vhd
# Warning: DAGGEN_0523: The source is compiled without the -dbg switch. Line breakpoints and assertion debug will not be available.
# File: D:/CAD-HW04-HanieVatani/exe2/exe2/src/exe2.vhd
# Compile Entity "exe2"
# Compile Architecture "exe2" of Entity "exe2"
# Compile success 0 Errors 0 Warnings  Analysis time :  31.0 [ms]
acom -O3 -e 100 -work exe2 -2002  $dsn/src/TestBench/exe2_TB.vhd
# Warning: DAGGEN_0523: The source is compiled without the -dbg switch. Line breakpoints and assertion debug will not be available.
# File: D:/CAD-HW04-HanieVatani/exe2/exe2/src/TestBench/exe2_TB.vhd
# Compile Entity "exe2_tb"
# Compile Architecture "TB_ARCHITECTURE" of Entity "exe2_tb"
# Compile Configuration "TESTBENCH_FOR_exe2"
# Compile success 0 Errors 0 Warnings  Analysis time :  31.0 [ms]
SetActiveLib -work
comp -include "$dsn\src\exe2.vhd" 
# Warning: DAGGEN_0523: The source is compiled without the -dbg switch. Line breakpoints and assertion debug will not be available.
# File: D:/CAD-HW04-HanieVatani/exe2/exe2/src/exe2.vhd
# Compile Entity "exe2"
# Compile Architecture "exe2" of Entity "exe2"
# Compile success 0 Errors 0 Warnings  Analysis time :  31.0 [ms]
comp -include "$dsn\src\TestBench\exe2_TB.vhd" 
# Warning: DAGGEN_0523: The source is compiled without the -dbg switch. Line breakpoints and assertion debug will not be available.
# File: D:/CAD-HW04-HanieVatani/exe2/exe2/src/TestBench/exe2_TB.vhd
# Compile Entity "exe2_tb"
# Compile Architecture "TB_ARCHITECTURE" of Entity "exe2_tb"
# Compile Configuration "TESTBENCH_FOR_exe2"
# Compile success 0 Errors 0 Warnings  Analysis time :  31.0 [ms]
asim +access +r TESTBENCH_FOR_exe2 
# VSIM: Simulation has finished.
# ELBREAD: Elaboration process.
# ELBREAD: Elaboration time 0.1 [s].
# VSIM: Stack memory: 32MB
# VSIM: Retval memory: 32MB
# KERNEL: Main thread initiated.
# KERNEL: Kernel process initialization phase.
# ELAB2: Elaboration final pass...
# ELAB2: Create instances ...
# KERNEL: Time resolution set to 1ps.
# ELAB2: Create instances complete.
# SLP: Started
# SLP: Elaboration phase ...
# SLP: Elaboration phase ... skipped, nothing to simulate in SLP mode : 0.0 [s]
# SLP: Finished : 0.0 [s]
# ELAB2: Elaboration final pass complete - time: 0.0 [s].
# KERNEL: Kernel process initialization done.
# Allocation: Simulator allocated 5402 kB (elbread=427 elab2=4836 kernel=139 sdf=0)
# KERNEL: ASDB file was created in location D:\CAD-HW04-HanieVatani\exe2\exe2\src\wave.asdb
#  4:03 PM, Thursday, December 28, 2023
#  Simulation has been initialized
wave 
wave -noreg Reset
wave -noreg CLK
wave -noreg sensorA
wave -noreg sensorB
wave -noreg carIn
wave -noreg carOut
# # The following lines can be used for timing simulation
# # acom <backannotated_vhdl_file_name>
# # comp -include "$dsn\src\TestBench\exe2_TB_tim_cfg.vhd" 
# # asim +access +r TIMING_FOR_exe2 
# VSIM: 6 object(s) traced.
# Waveform file 'untitled.awc' connected to 'D:/CAD-HW04-HanieVatani/exe2/exe2/src/wave.asdb'.
# VSIM: 5 object(s) traced.
run
# KERNEL: Simulation has finished. There are no more test vectors to simulate.
acom -O3 -e 100 -work exe2 -2002  $dsn/src/exe2.vhd
# Warning: DAGGEN_0523: The source is compiled without the -dbg switch. Line breakpoints and assertion debug will not be available.
# File: D:/CAD-HW04-HanieVatani/exe2/exe2/src/exe2.vhd
# Compile Entity "exe2"
# Compile Architecture "exe2" of Entity "exe2"
# Compile success 0 Errors 0 Warnings  Analysis time :  32.0 [ms]
acom -O3 -e 100 -work exe2 -2002  $dsn/src/TestBench/exe2_TB.vhd
# Warning: DAGGEN_0523: The source is compiled without the -dbg switch. Line breakpoints and assertion debug will not be available.
# File: D:/CAD-HW04-HanieVatani/exe2/exe2/src/TestBench/exe2_TB.vhd
# Compile Entity "exe2_tb"
# Compile Architecture "TB_ARCHITECTURE" of Entity "exe2_tb"
# Compile Configuration "TESTBENCH_FOR_exe2"
# Compile success 0 Errors 0 Warnings  Analysis time :  31.0 [ms]
SetActiveLib -work
comp -include "$dsn\src\exe2.vhd" 
# Warning: DAGGEN_0523: The source is compiled without the -dbg switch. Line breakpoints and assertion debug will not be available.
# File: D:/CAD-HW04-HanieVatani/exe2/exe2/src/exe2.vhd
# Compile Entity "exe2"
# Compile Architecture "exe2" of Entity "exe2"
# Compile success 0 Errors 0 Warnings  Analysis time :  31.0 [ms]
comp -include "$dsn\src\TestBench\exe2_TB.vhd" 
# Warning: DAGGEN_0523: The source is compiled without the -dbg switch. Line breakpoints and assertion debug will not be available.
# File: D:/CAD-HW04-HanieVatani/exe2/exe2/src/TestBench/exe2_TB.vhd
# Compile Entity "exe2_tb"
# Compile Architecture "TB_ARCHITECTURE" of Entity "exe2_tb"
# Compile Configuration "TESTBENCH_FOR_exe2"
# Compile success 0 Errors 0 Warnings  Analysis time :  31.0 [ms]
asim +access +r TESTBENCH_FOR_exe2 
# VSIM: Simulation has finished.
# ELBREAD: Elaboration process.
# ELBREAD: Elaboration time 0.1 [s].
# VSIM: Stack memory: 32MB
# VSIM: Retval memory: 32MB
# KERNEL: Main thread initiated.
# KERNEL: Kernel process initialization phase.
# ELAB2: Elaboration final pass...
# ELAB2: Create instances ...
# KERNEL: Time resolution set to 1ps.
# ELAB2: Create instances complete.
# SLP: Started
# SLP: Elaboration phase ...
# SLP: Elaboration phase ... skipped, nothing to simulate in SLP mode : 0.0 [s]
# SLP: Finished : 0.0 [s]
# ELAB2: Elaboration final pass complete - time: 0.0 [s].
# KERNEL: Kernel process initialization done.
# Allocation: Simulator allocated 5402 kB (elbread=427 elab2=4836 kernel=139 sdf=0)
# KERNEL: ASDB file was created in location D:\CAD-HW04-HanieVatani\exe2\exe2\src\wave.asdb
#  4:06 PM, Thursday, December 28, 2023
#  Simulation has been initialized
wave 
wave -noreg Reset
wave -noreg CLK
wave -noreg sensorA
wave -noreg sensorB
wave -noreg carIn
wave -noreg carOut
# # The following lines can be used for timing simulation
# # acom <backannotated_vhdl_file_name>
# # comp -include "$dsn\src\TestBench\exe2_TB_tim_cfg.vhd" 
# # asim +access +r TIMING_FOR_exe2 
# VSIM: 6 object(s) traced.
# Waveform file 'untitled.awc' connected to 'D:/CAD-HW04-HanieVatani/exe2/exe2/src/wave.asdb'.
# VSIM: 4 object(s) traced.
run
# KERNEL: Simulation has finished. There are no more test vectors to simulate.
acom -O3 -e 100 -work exe2 -2002  $dsn/src/TestBench/exe2_TB.vhd
# Warning: DAGGEN_0523: The source is compiled without the -dbg switch. Line breakpoints and assertion debug will not be available.
# File: D:/CAD-HW04-HanieVatani/exe2/exe2/src/TestBench/exe2_TB.vhd
# Compile Entity "exe2_tb"
# Compile Architecture "TB_ARCHITECTURE" of Entity "exe2_tb"
# Compile Configuration "TESTBENCH_FOR_exe2"
# Compile success 0 Errors 0 Warnings  Analysis time :  16.0 [ms]
SetActiveLib -work
comp -include "$dsn\src\exe2.vhd" 
# Warning: DAGGEN_0523: The source is compiled without the -dbg switch. Line breakpoints and assertion debug will not be available.
# File: D:/CAD-HW04-HanieVatani/exe2/exe2/src/exe2.vhd
# Compile Entity "exe2"
# Compile Architecture "exe2" of Entity "exe2"
# Compile success 0 Errors 0 Warnings  Analysis time :  31.0 [ms]
comp -include "$dsn\src\TestBench\exe2_TB.vhd" 
# Warning: DAGGEN_0523: The source is compiled without the -dbg switch. Line breakpoints and assertion debug will not be available.
# File: D:/CAD-HW04-HanieVatani/exe2/exe2/src/TestBench/exe2_TB.vhd
# Compile Entity "exe2_tb"
# Compile Architecture "TB_ARCHITECTURE" of Entity "exe2_tb"
# Compile Configuration "TESTBENCH_FOR_exe2"
# Compile success 0 Errors 0 Warnings  Analysis time :  32.0 [ms]
asim +access +r TESTBENCH_FOR_exe2 
# VSIM: Simulation has finished.
# ELBREAD: Elaboration process.
# ELBREAD: Elaboration time 0.1 [s].
# VSIM: Stack memory: 32MB
# VSIM: Retval memory: 32MB
# KERNEL: Main thread initiated.
# KERNEL: Kernel process initialization phase.
# ELAB2: Elaboration final pass...
# ELAB2: Create instances ...
# KERNEL: Time resolution set to 1ps.
# ELAB2: Create instances complete.
# SLP: Started
# SLP: Elaboration phase ...
# SLP: Elaboration phase ... skipped, nothing to simulate in SLP mode : 0.0 [s]
# SLP: Finished : 0.0 [s]
# ELAB2: Elaboration final pass complete - time: 0.0 [s].
# KERNEL: Kernel process initialization done.
# Allocation: Simulator allocated 5404 kB (elbread=427 elab2=4838 kernel=139 sdf=0)
# KERNEL: ASDB file was created in location D:\CAD-HW04-HanieVatani\exe2\exe2\src\wave.asdb
#  4:13 PM, Thursday, December 28, 2023
#  Simulation has been initialized
wave 
wave -noreg Reset
wave -noreg CLK
wave -noreg sensorA
wave -noreg sensorB
wave -noreg carIn
wave -noreg carOut
# # The following lines can be used for timing simulation
# # acom <backannotated_vhdl_file_name>
# # comp -include "$dsn\src\TestBench\exe2_TB_tim_cfg.vhd" 
# # asim +access +r TIMING_FOR_exe2 
# VSIM: 6 object(s) traced.
# Waveform file 'untitled.awc' connected to 'D:/CAD-HW04-HanieVatani/exe2/exe2/src/wave.asdb'.
acom -O3 -e 100 -work exe2 -2002  $dsn/src/exe2.vhd
# Warning: DAGGEN_0523: The source is compiled without the -dbg switch. Line breakpoints and assertion debug will not be available.
# File: D:/CAD-HW04-HanieVatani/exe2/exe2/src/exe2.vhd
# Compile Entity "exe2"
# Compile Architecture "exe2" of Entity "exe2"
# Compile success 0 Errors 0 Warnings  Analysis time :  31.0 [ms]
acom -O3 -e 100 -work exe2 -2002  $dsn/src/TestBench/exe2_TB.vhd
# Warning: DAGGEN_0523: The source is compiled without the -dbg switch. Line breakpoints and assertion debug will not be available.
# File: D:/CAD-HW04-HanieVatani/exe2/exe2/src/TestBench/exe2_TB.vhd
# Compile Entity "exe2_tb"
# Compile Architecture "TB_ARCHITECTURE" of Entity "exe2_tb"
# Compile Configuration "TESTBENCH_FOR_exe2"
# Compile success 0 Errors 0 Warnings  Analysis time :  31.0 [ms]
SetActiveLib -work
comp -include "$dsn\src\exe2.vhd" 
# Warning: DAGGEN_0523: The source is compiled without the -dbg switch. Line breakpoints and assertion debug will not be available.
# File: D:/CAD-HW04-HanieVatani/exe2/exe2/src/exe2.vhd
# Compile Entity "exe2"
# Compile Architecture "exe2" of Entity "exe2"
# Compile success 0 Errors 0 Warnings  Analysis time :  31.0 [ms]
comp -include "$dsn\src\TestBench\exe2_TB.vhd" 
# Warning: DAGGEN_0523: The source is compiled without the -dbg switch. Line breakpoints and assertion debug will not be available.
# File: D:/CAD-HW04-HanieVatani/exe2/exe2/src/TestBench/exe2_TB.vhd
# Compile Entity "exe2_tb"
# Compile Architecture "TB_ARCHITECTURE" of Entity "exe2_tb"
# Compile Configuration "TESTBENCH_FOR_exe2"
# Compile success 0 Errors 0 Warnings  Analysis time :  31.0 [ms]
asim +access +r TESTBENCH_FOR_exe2 
# VSIM: Simulation has finished.
# ELBREAD: Elaboration process.
# ELBREAD: Elaboration time 0.1 [s].
# VSIM: Stack memory: 32MB
# VSIM: Retval memory: 32MB
# KERNEL: Main thread initiated.
# KERNEL: Kernel process initialization phase.
# ELAB2: Elaboration final pass...
# ELAB2: Create instances ...
# KERNEL: Time resolution set to 1ps.
# ELAB2: Create instances complete.
# SLP: Started
# SLP: Elaboration phase ...
# SLP: Elaboration phase ... skipped, nothing to simulate in SLP mode : 0.0 [s]
# SLP: Finished : 0.0 [s]
# ELAB2: Elaboration final pass complete - time: 0.0 [s].
# KERNEL: Kernel process initialization done.
# Allocation: Simulator allocated 5404 kB (elbread=427 elab2=4838 kernel=139 sdf=0)
# KERNEL: ASDB file was created in location D:\CAD-HW04-HanieVatani\exe2\exe2\src\wave.asdb
#  4:13 PM, Thursday, December 28, 2023
#  Simulation has been initialized
# Waveform file 'untitled.awc' connected to 'D:/CAD-HW04-HanieVatani/exe2/exe2/src/wave.asdb'.
wave 
wave -noreg Reset
wave -noreg CLK
wave -noreg sensorA
wave -noreg sensorB
wave -noreg carIn
wave -noreg carOut
# # The following lines can be used for timing simulation
# # acom <backannotated_vhdl_file_name>
# # comp -include "$dsn\src\TestBench\exe2_TB_tim_cfg.vhd" 
# # asim +access +r TIMING_FOR_exe2 
# VSIM: 6 object(s) traced.
# Waveform file 'untitled.awc' connected to 'D:/CAD-HW04-HanieVatani/exe2/exe2/src/wave.asdb'.
SetActiveLib -work
comp -include "$dsn\src\exe2.vhd" 
# Warning: DAGGEN_0523: The source is compiled without the -dbg switch. Line breakpoints and assertion debug will not be available.
# File: D:/CAD-HW04-HanieVatani/exe2/exe2/src/exe2.vhd
# Compile Entity "exe2"
# Compile Architecture "exe2" of Entity "exe2"
# Compile success 0 Errors 0 Warnings  Analysis time :  31.0 [ms]
comp -include "$dsn\src\TestBench\exe2_TB.vhd" 
# Warning: DAGGEN_0523: The source is compiled without the -dbg switch. Line breakpoints and assertion debug will not be available.
# File: D:/CAD-HW04-HanieVatani/exe2/exe2/src/TestBench/exe2_TB.vhd
# Compile Entity "exe2_tb"
# Compile Architecture "TB_ARCHITECTURE" of Entity "exe2_tb"
# Compile Configuration "TESTBENCH_FOR_exe2"
# Compile success 0 Errors 0 Warnings  Analysis time :  31.0 [ms]
asim +access +r TESTBENCH_FOR_exe2 
# VSIM: Simulation has finished.
# ELBREAD: Elaboration process.
# ELBREAD: Elaboration time 0.1 [s].
# VSIM: Stack memory: 32MB
# VSIM: Retval memory: 32MB
# KERNEL: Main thread initiated.
# KERNEL: Kernel process initialization phase.
# ELAB2: Elaboration final pass...
# ELAB2: Create instances ...
# KERNEL: Time resolution set to 1ps.
# ELAB2: Create instances complete.
# SLP: Started
# SLP: Elaboration phase ...
# SLP: Elaboration phase ... skipped, nothing to simulate in SLP mode : 0.0 [s]
# SLP: Finished : 0.0 [s]
# ELAB2: Elaboration final pass complete - time: 0.0 [s].
# KERNEL: Kernel process initialization done.
# Allocation: Simulator allocated 5404 kB (elbread=427 elab2=4838 kernel=139 sdf=0)
# KERNEL: ASDB file was created in location D:\CAD-HW04-HanieVatani\exe2\exe2\src\wave.asdb
#  4:13 PM, Thursday, December 28, 2023
#  Simulation has been initialized
wave 
wave -noreg Reset
wave -noreg CLK
wave -noreg sensorA
wave -noreg sensorB
wave -noreg carIn
wave -noreg carOut
# # The following lines can be used for timing simulation
# # acom <backannotated_vhdl_file_name>
# # comp -include "$dsn\src\TestBench\exe2_TB_tim_cfg.vhd" 
# # asim +access +r TIMING_FOR_exe2 
# VSIM: 6 object(s) traced.
# Waveform file 'untitled.awc' connected to 'D:/CAD-HW04-HanieVatani/exe2/exe2/src/wave.asdb'.
# VSIM: 4 object(s) traced.
run
# KERNEL: Simulation has finished. There are no more test vectors to simulate.
acom -O3 -e 100 -work exe2 -2002  $dsn/src/exe2.vhd
# Warning: DAGGEN_0523: The source is compiled without the -dbg switch. Line breakpoints and assertion debug will not be available.
# File: D:/CAD-HW04-HanieVatani/exe2/exe2/src/exe2.vhd
# Compile Entity "exe2"
# Compile Architecture "exe2" of Entity "exe2"
# Compile success 0 Errors 0 Warnings  Analysis time :  32.0 [ms]
acom -O3 -e 100 -work exe2 -2002  $dsn/src/TestBench/exe2_TB.vhd
# Warning: DAGGEN_0523: The source is compiled without the -dbg switch. Line breakpoints and assertion debug will not be available.
# File: D:/CAD-HW04-HanieVatani/exe2/exe2/src/TestBench/exe2_TB.vhd
# Compile Entity "exe2_tb"
# Compile Architecture "TB_ARCHITECTURE" of Entity "exe2_tb"
# Compile Configuration "TESTBENCH_FOR_exe2"
# Compile success 0 Errors 0 Warnings  Analysis time :  31.0 [ms]
SetActiveLib -work
comp -include "$dsn\src\exe2.vhd" 
# Warning: DAGGEN_0523: The source is compiled without the -dbg switch. Line breakpoints and assertion debug will not be available.
# File: D:/CAD-HW04-HanieVatani/exe2/exe2/src/exe2.vhd
# Compile Entity "exe2"
# Compile Architecture "exe2" of Entity "exe2"
# Compile success 0 Errors 0 Warnings  Analysis time :  31.0 [ms]
comp -include "$dsn\src\TestBench\exe2_TB.vhd" 
# Warning: DAGGEN_0523: The source is compiled without the -dbg switch. Line breakpoints and assertion debug will not be available.
# File: D:/CAD-HW04-HanieVatani/exe2/exe2/src/TestBench/exe2_TB.vhd
# Compile Entity "exe2_tb"
# Compile Architecture "TB_ARCHITECTURE" of Entity "exe2_tb"
# Compile Configuration "TESTBENCH_FOR_exe2"
# Compile success 0 Errors 0 Warnings  Analysis time :  31.0 [ms]
asim +access +r TESTBENCH_FOR_exe2 
# VSIM: Simulation has finished.
# ELBREAD: Elaboration process.
# ELBREAD: Elaboration time 0.1 [s].
# VSIM: Stack memory: 32MB
# VSIM: Retval memory: 32MB
# KERNEL: Main thread initiated.
# KERNEL: Kernel process initialization phase.
# ELAB2: Elaboration final pass...
# ELAB2: Create instances ...
# KERNEL: Time resolution set to 1ps.
# ELAB2: Create instances complete.
# SLP: Started
# SLP: Elaboration phase ...
# SLP: Elaboration phase ... skipped, nothing to simulate in SLP mode : 0.0 [s]
# SLP: Finished : 0.0 [s]
# ELAB2: Elaboration final pass complete - time: 0.0 [s].
# KERNEL: Kernel process initialization done.
# Allocation: Simulator allocated 5404 kB (elbread=427 elab2=4838 kernel=139 sdf=0)
# KERNEL: ASDB file was created in location D:\CAD-HW04-HanieVatani\exe2\exe2\src\wave.asdb
#  4:20 PM, Thursday, December 28, 2023
#  Simulation has been initialized
wave 
wave -noreg Reset
wave -noreg CLK
wave -noreg sensorA
wave -noreg sensorB
wave -noreg carIn
wave -noreg carOut
# # The following lines can be used for timing simulation
# # acom <backannotated_vhdl_file_name>
# # comp -include "$dsn\src\TestBench\exe2_TB_tim_cfg.vhd" 
# # asim +access +r TIMING_FOR_exe2 
# VSIM: 6 object(s) traced.
# Waveform file 'untitled.awc' connected to 'D:/CAD-HW04-HanieVatani/exe2/exe2/src/wave.asdb'.
# VSIM: 4 object(s) traced.
run
# KERNEL: Simulation has finished. There are no more test vectors to simulate.
acom -O3 -e 100 -work exe2 -2002  $dsn/src/exe2.vhd
# Warning: DAGGEN_0523: The source is compiled without the -dbg switch. Line breakpoints and assertion debug will not be available.
# File: D:/CAD-HW04-HanieVatani/exe2/exe2/src/exe2.vhd
# Compile Entity "exe2"
# Compile Architecture "exe2" of Entity "exe2"
# Compile success 0 Errors 0 Warnings  Analysis time :  31.0 [ms]
acom -O3 -e 100 -work exe2 -2002  $dsn/src/TestBench/exe2_TB.vhd
# Warning: DAGGEN_0523: The source is compiled without the -dbg switch. Line breakpoints and assertion debug will not be available.
# File: D:/CAD-HW04-HanieVatani/exe2/exe2/src/TestBench/exe2_TB.vhd
# Compile Entity "exe2_tb"
# Compile Architecture "TB_ARCHITECTURE" of Entity "exe2_tb"
# Compile Configuration "TESTBENCH_FOR_exe2"
# Compile success 0 Errors 0 Warnings  Analysis time :  31.0 [ms]
SetActiveLib -work
comp -include "$dsn\src\exe2.vhd" 
# Warning: DAGGEN_0523: The source is compiled without the -dbg switch. Line breakpoints and assertion debug will not be available.
# File: D:/CAD-HW04-HanieVatani/exe2/exe2/src/exe2.vhd
# Compile Entity "exe2"
# Compile Architecture "exe2" of Entity "exe2"
# Compile success 0 Errors 0 Warnings  Analysis time :  31.0 [ms]
comp -include "$dsn\src\TestBench\exe2_TB.vhd" 
# Warning: DAGGEN_0523: The source is compiled without the -dbg switch. Line breakpoints and assertion debug will not be available.
# File: D:/CAD-HW04-HanieVatani/exe2/exe2/src/TestBench/exe2_TB.vhd
# Compile Entity "exe2_tb"
# Compile Architecture "TB_ARCHITECTURE" of Entity "exe2_tb"
# Compile Configuration "TESTBENCH_FOR_exe2"
# Compile success 0 Errors 0 Warnings  Analysis time :  31.0 [ms]
asim +access +r TESTBENCH_FOR_exe2 
# VSIM: Simulation has finished.
# ELBREAD: Elaboration process.
# ELBREAD: Elaboration time 0.1 [s].
# VSIM: Stack memory: 32MB
# VSIM: Retval memory: 32MB
# KERNEL: Main thread initiated.
# KERNEL: Kernel process initialization phase.
# ELAB2: Elaboration final pass...
# ELAB2: Create instances ...
# KERNEL: Time resolution set to 1ps.
# ELAB2: Create instances complete.
# SLP: Started
# SLP: Elaboration phase ...
# SLP: Elaboration phase ... skipped, nothing to simulate in SLP mode : 0.0 [s]
# SLP: Finished : 0.0 [s]
# ELAB2: Elaboration final pass complete - time: 0.0 [s].
# KERNEL: Kernel process initialization done.
# Allocation: Simulator allocated 5404 kB (elbread=427 elab2=4838 kernel=139 sdf=0)
# KERNEL: ASDB file was created in location D:\CAD-HW04-HanieVatani\exe2\exe2\src\wave.asdb
#  4:24 PM, Thursday, December 28, 2023
#  Simulation has been initialized
wave 
wave -noreg Reset
wave -noreg CLK
wave -noreg sensorA
wave -noreg sensorB
wave -noreg carIn
wave -noreg carOut
# # The following lines can be used for timing simulation
# # acom <backannotated_vhdl_file_name>
# # comp -include "$dsn\src\TestBench\exe2_TB_tim_cfg.vhd" 
# # asim +access +r TIMING_FOR_exe2 
# VSIM: 6 object(s) traced.
# Waveform file 'untitled.awc' connected to 'D:/CAD-HW04-HanieVatani/exe2/exe2/src/wave.asdb'.
# VSIM: 4 object(s) traced.
run
# KERNEL: Simulation has finished. There are no more test vectors to simulate.
acom -O3 -e 100 -work exe2 -2002  $dsn/src/exe2.vhd
# Warning: DAGGEN_0523: The source is compiled without the -dbg switch. Line breakpoints and assertion debug will not be available.
# File: D:/CAD-HW04-HanieVatani/exe2/exe2/src/exe2.vhd
# Compile Entity "exe2"
# Compile Architecture "exe2" of Entity "exe2"
# Error: COMP96_0143: exe2.vhd : (80, 4): Object "sensorA" cannot be written.
# Error: COMP96_0143: exe2.vhd : (81, 4): Object "sensorB" cannot be written.
# Compile failure 2 Errors 0 Warnings  Analysis time :  15.0 [ms]
acom -O3 -e 100 -work exe2 -2002  $dsn/src/exe2.vhd
# Warning: DAGGEN_0523: The source is compiled without the -dbg switch. Line breakpoints and assertion debug will not be available.
# File: D:/CAD-HW04-HanieVatani/exe2/exe2/src/exe2.vhd
# Compile Entity "exe2"
# Compile Architecture "exe2" of Entity "exe2"
# Error: ELBWRITE_0028: exe2.vhd : (80, 0): The unresolved signal "carInCount" received values from multiple sources at 80 and 45 lines.
# Error: ELBWRITE_0028: exe2.vhd : (81, 0): The unresolved signal "carOutCount" received values from multiple sources at 81 and 46 lines.
# Compile failure 2 Errors 0 Warnings  Analysis time :  15.0 [ms]
acom -O3 -e 100 -work exe2 -2002  $dsn/src/exe2.vhd
# Warning: DAGGEN_0523: The source is compiled without the -dbg switch. Line breakpoints and assertion debug will not be available.
# File: D:/CAD-HW04-HanieVatani/exe2/exe2/src/exe2.vhd
# Compile Entity "exe2"
# Compile Architecture "exe2" of Entity "exe2"
# Compile success 0 Errors 0 Warnings  Analysis time :  47.0 [ms]
acom -O3 -e 100 -work exe2 -2002  $dsn/src/TestBench/exe2_TB.vhd
# Warning: DAGGEN_0523: The source is compiled without the -dbg switch. Line breakpoints and assertion debug will not be available.
# File: D:/CAD-HW04-HanieVatani/exe2/exe2/src/TestBench/exe2_TB.vhd
# Compile Entity "exe2_tb"
# Compile Architecture "TB_ARCHITECTURE" of Entity "exe2_tb"
# Compile Configuration "TESTBENCH_FOR_exe2"
# Compile success 0 Errors 0 Warnings  Analysis time :  31.0 [ms]
SetActiveLib -work
comp -include "$dsn\src\exe2.vhd" 
# Warning: DAGGEN_0523: The source is compiled without the -dbg switch. Line breakpoints and assertion debug will not be available.
# File: D:/CAD-HW04-HanieVatani/exe2/exe2/src/exe2.vhd
# Compile Entity "exe2"
# Compile Architecture "exe2" of Entity "exe2"
# Compile success 0 Errors 0 Warnings  Analysis time :  31.0 [ms]
comp -include "$dsn\src\TestBench\exe2_TB.vhd" 
# Warning: DAGGEN_0523: The source is compiled without the -dbg switch. Line breakpoints and assertion debug will not be available.
# File: D:/CAD-HW04-HanieVatani/exe2/exe2/src/TestBench/exe2_TB.vhd
# Compile Entity "exe2_tb"
# Compile Architecture "TB_ARCHITECTURE" of Entity "exe2_tb"
# Compile Configuration "TESTBENCH_FOR_exe2"
# Compile success 0 Errors 0 Warnings  Analysis time :  31.0 [ms]
asim +access +r TESTBENCH_FOR_exe2 
# VSIM: Simulation has finished.
# ELBREAD: Elaboration process.
# ELBREAD: Elaboration time 0.1 [s].
# VSIM: Stack memory: 32MB
# VSIM: Retval memory: 32MB
# KERNEL: Main thread initiated.
# KERNEL: Kernel process initialization phase.
# ELAB2: Elaboration final pass...
# ELAB2: Create instances ...
# KERNEL: Time resolution set to 1ps.
# ELAB2: Create instances complete.
# SLP: Started
# SLP: Elaboration phase ...
# SLP: Elaboration phase ... skipped, nothing to simulate in SLP mode : 0.0 [s]
# SLP: Finished : 0.0 [s]
# ELAB2: Elaboration final pass complete - time: 0.1 [s].
# KERNEL: Kernel process initialization done.
# Allocation: Simulator allocated 5404 kB (elbread=427 elab2=4838 kernel=139 sdf=0)
# KERNEL: ASDB file was created in location D:\CAD-HW04-HanieVatani\exe2\exe2\src\wave.asdb
#  4:36 PM, Thursday, December 28, 2023
#  Simulation has been initialized
wave 
wave -noreg Reset
wave -noreg CLK
wave -noreg sensorA
wave -noreg sensorB
wave -noreg carIn
wave -noreg carOut
# # The following lines can be used for timing simulation
# # acom <backannotated_vhdl_file_name>
# # comp -include "$dsn\src\TestBench\exe2_TB_tim_cfg.vhd" 
# # asim +access +r TIMING_FOR_exe2 
# VSIM: 6 object(s) traced.
# Waveform file 'untitled.awc' connected to 'D:/CAD-HW04-HanieVatani/exe2/exe2/src/wave.asdb'.
# VSIM: 5 object(s) traced.
SetActiveLib -work
comp -include "$dsn\src\exe2.vhd" 
# Warning: DAGGEN_0523: The source is compiled without the -dbg switch. Line breakpoints and assertion debug will not be available.
# File: D:/CAD-HW04-HanieVatani/exe2/exe2/src/exe2.vhd
# Compile Entity "exe2"
# Compile Architecture "exe2" of Entity "exe2"
# Compile success 0 Errors 0 Warnings  Analysis time :  31.0 [ms]
comp -include "$dsn\src\TestBench\exe2_TB.vhd" 
# Warning: DAGGEN_0523: The source is compiled without the -dbg switch. Line breakpoints and assertion debug will not be available.
# File: D:/CAD-HW04-HanieVatani/exe2/exe2/src/TestBench/exe2_TB.vhd
# Compile Entity "exe2_tb"
# Compile Architecture "TB_ARCHITECTURE" of Entity "exe2_tb"
# Compile Configuration "TESTBENCH_FOR_exe2"
# Compile success 0 Errors 0 Warnings  Analysis time :  31.0 [ms]
asim +access +r TESTBENCH_FOR_exe2 
# VSIM: Simulation has finished.
# ELBREAD: Elaboration process.
# ELBREAD: Elaboration time 0.1 [s].
# VSIM: Stack memory: 32MB
# VSIM: Retval memory: 32MB
# KERNEL: Main thread initiated.
# KERNEL: Kernel process initialization phase.
# ELAB2: Elaboration final pass...
# ELAB2: Create instances ...
# KERNEL: Time resolution set to 1ps.
# ELAB2: Create instances complete.
# SLP: Started
# SLP: Elaboration phase ...
# SLP: Elaboration phase ... skipped, nothing to simulate in SLP mode : 0.0 [s]
# SLP: Finished : 0.0 [s]
# ELAB2: Elaboration final pass complete - time: 0.1 [s].
# KERNEL: Kernel process initialization done.
# Allocation: Simulator allocated 5404 kB (elbread=427 elab2=4838 kernel=139 sdf=0)
# KERNEL: ASDB file was created in location D:\CAD-HW04-HanieVatani\exe2\exe2\src\wave.asdb
#  4:36 PM, Thursday, December 28, 2023
#  Simulation has been initialized
wave 
wave -noreg Reset
wave -noreg CLK
wave -noreg sensorA
wave -noreg sensorB
wave -noreg carIn
wave -noreg carOut
# # The following lines can be used for timing simulation
# # acom <backannotated_vhdl_file_name>
# # comp -include "$dsn\src\TestBench\exe2_TB_tim_cfg.vhd" 
# # asim +access +r TIMING_FOR_exe2 
# VSIM: 6 object(s) traced.
# Waveform file 'untitled.awc' connected to 'D:/CAD-HW04-HanieVatani/exe2/exe2/src/wave.asdb'.
# VSIM: 5 object(s) traced.
run
# KERNEL: Simulation has finished. There are no more test vectors to simulate.
acom -O3 -e 100 -work exe2 -2002  $dsn/src/TestBench/exe2_TB.vhd
# Warning: DAGGEN_0523: The source is compiled without the -dbg switch. Line breakpoints and assertion debug will not be available.
# File: D:/CAD-HW04-HanieVatani/exe2/exe2/src/TestBench/exe2_TB.vhd
# Compile Entity "exe2_tb"
# Compile Architecture "TB_ARCHITECTURE" of Entity "exe2_tb"
# Compile Configuration "TESTBENCH_FOR_exe2"
# Compile success 0 Errors 0 Warnings  Analysis time :  62.0 [ms]
SetActiveLib -work
comp -include "$dsn\src\exe2.vhd" 
# Warning: DAGGEN_0523: The source is compiled without the -dbg switch. Line breakpoints and assertion debug will not be available.
# File: D:/CAD-HW04-HanieVatani/exe2/exe2/src/exe2.vhd
# Compile Entity "exe2"
# Compile Architecture "exe2" of Entity "exe2"
# Compile success 0 Errors 0 Warnings  Analysis time :  31.0 [ms]
comp -include "$dsn\src\TestBench\exe2_TB.vhd" 
# Warning: DAGGEN_0523: The source is compiled without the -dbg switch. Line breakpoints and assertion debug will not be available.
# File: D:/CAD-HW04-HanieVatani/exe2/exe2/src/TestBench/exe2_TB.vhd
# Compile Entity "exe2_tb"
# Compile Architecture "TB_ARCHITECTURE" of Entity "exe2_tb"
# Compile Configuration "TESTBENCH_FOR_exe2"
# Compile success 0 Errors 0 Warnings  Analysis time :  32.0 [ms]
asim +access +r TESTBENCH_FOR_exe2 
# VSIM: Simulation has finished.
# ELBREAD: Elaboration process.
# ELBREAD: Elaboration time 0.1 [s].
# VSIM: Stack memory: 32MB
# VSIM: Retval memory: 32MB
# KERNEL: Main thread initiated.
# KERNEL: Kernel process initialization phase.
# ELAB2: Elaboration final pass...
# ELAB2: Create instances ...
# KERNEL: Time resolution set to 1ps.
# ELAB2: Create instances complete.
# SLP: Started
# SLP: Elaboration phase ...
# SLP: Elaboration phase ... skipped, nothing to simulate in SLP mode : 0.0 [s]
# SLP: Finished : 0.0 [s]
# ELAB2: Elaboration final pass complete - time: 0.2 [s].
# KERNEL: Kernel process initialization done.
# Allocation: Simulator allocated 5406 kB (elbread=427 elab2=4839 kernel=139 sdf=0)
# KERNEL: ASDB file was created in location D:\CAD-HW04-HanieVatani\exe2\exe2\src\wave.asdb
#  4:46 PM, Thursday, December 28, 2023
#  Simulation has been initialized
wave 
wave -noreg Reset
wave -noreg CLK
wave -noreg sensorA
wave -noreg sensorB
wave -noreg carIn
wave -noreg carOut
# # The following lines can be used for timing simulation
# # acom <backannotated_vhdl_file_name>
# # comp -include "$dsn\src\TestBench\exe2_TB_tim_cfg.vhd" 
# # asim +access +r TIMING_FOR_exe2 
# VSIM: 6 object(s) traced.
# Waveform file 'untitled.awc' connected to 'D:/CAD-HW04-HanieVatani/exe2/exe2/src/wave.asdb'.
# VSIM: 5 object(s) traced.
run
# KERNEL: Simulation has finished. There are no more test vectors to simulate.
acom -O3 -e 100 -work exe2 -2002  $dsn/src/exe2.vhd
# Warning: DAGGEN_0523: The source is compiled without the -dbg switch. Line breakpoints and assertion debug will not be available.
# File: D:/CAD-HW04-HanieVatani/exe2/exe2/src/exe2.vhd
# Compile Entity "exe2"
# Compile Architecture "exe2" of Entity "exe2"
# Error: ELBWRITE_0028: exe2.vhd : (80, 0): The unresolved signal "STATE" received values from multiple sources at 80 and 50 lines.
# Compile failure 1 Errors 0 Warnings  Analysis time :  15.0 [ms]
acom -O3 -e 100 -work exe2 -2002  $dsn/src/exe2.vhd
# Warning: DAGGEN_0523: The source is compiled without the -dbg switch. Line breakpoints and assertion debug will not be available.
# File: D:/CAD-HW04-HanieVatani/exe2/exe2/src/exe2.vhd
# Compile Entity "exe2"
# Compile Architecture "exe2" of Entity "exe2"
# Error: ELBWRITE_0028: exe2.vhd : (80, 0): The unresolved signal "STATE" received values from multiple sources at 80 and 50 lines.
# Compile failure 1 Errors 0 Warnings  Analysis time :  16.0 [ms]
acom -O3 -e 100 -work exe2 -2002  $dsn/src/exe2.vhd
# Warning: DAGGEN_0523: The source is compiled without the -dbg switch. Line breakpoints and assertion debug will not be available.
# File: D:/CAD-HW04-HanieVatani/exe2/exe2/src/exe2.vhd
# Compile Entity "exe2"
# Compile Architecture "exe2" of Entity "exe2"
# Error: ELBWRITE_0028: exe2.vhd : (82, 0): The unresolved signal "STATE" received values from multiple sources at 82 and 50 lines.
# Compile failure 1 Errors 0 Warnings  Analysis time :  16.0 [ms]
acom -O3 -e 100 -work exe2 -2002  $dsn/src/exe2.vhd
# Warning: DAGGEN_0523: The source is compiled without the -dbg switch. Line breakpoints and assertion debug will not be available.
# File: D:/CAD-HW04-HanieVatani/exe2/exe2/src/exe2.vhd
# Compile Entity "exe2"
# Compile Architecture "exe2" of Entity "exe2"
# Compile success 0 Errors 0 Warnings  Analysis time :  31.0 [ms]
SetActiveLib -work
comp -include "$dsn\src\exe2.vhd" 
# Warning: DAGGEN_0523: The source is compiled without the -dbg switch. Line breakpoints and assertion debug will not be available.
# File: D:/CAD-HW04-HanieVatani/exe2/exe2/src/exe2.vhd
# Compile Entity "exe2"
# Compile Architecture "exe2" of Entity "exe2"
# Compile success 0 Errors 0 Warnings  Analysis time :  31.0 [ms]
comp -include "$dsn\src\TestBench\exe2_TB.vhd" 
# Warning: DAGGEN_0523: The source is compiled without the -dbg switch. Line breakpoints and assertion debug will not be available.
# File: D:/CAD-HW04-HanieVatani/exe2/exe2/src/TestBench/exe2_TB.vhd
# Compile Entity "exe2_tb"
# Compile Architecture "TB_ARCHITECTURE" of Entity "exe2_tb"
# Compile Configuration "TESTBENCH_FOR_exe2"
# Compile success 0 Errors 0 Warnings  Analysis time :  31.0 [ms]
asim +access +r TESTBENCH_FOR_exe2 
# VSIM: Simulation has finished.
# ELBREAD: Elaboration process.
# ELBREAD: Elaboration time 0.1 [s].
# VSIM: Stack memory: 32MB
# VSIM: Retval memory: 32MB
# KERNEL: Main thread initiated.
# KERNEL: Kernel process initialization phase.
# ELAB2: Elaboration final pass...
# ELAB2: Create instances ...
# KERNEL: Time resolution set to 1ps.
# ELAB2: Create instances complete.
# SLP: Started
# SLP: Elaboration phase ...
# SLP: Elaboration phase ... skipped, nothing to simulate in SLP mode : 0.0 [s]
# SLP: Finished : 0.0 [s]
# ELAB2: Elaboration final pass complete - time: 0.0 [s].
# KERNEL: Kernel process initialization done.
# Allocation: Simulator allocated 5406 kB (elbread=427 elab2=4839 kernel=139 sdf=0)
# KERNEL: ASDB file was created in location D:\CAD-HW04-HanieVatani\exe2\exe2\src\wave.asdb
#  4:54 PM, Thursday, December 28, 2023
#  Simulation has been initialized
wave 
wave -noreg Reset
wave -noreg CLK
wave -noreg sensorA
wave -noreg sensorB
wave -noreg carIn
wave -noreg carOut
# # The following lines can be used for timing simulation
# # acom <backannotated_vhdl_file_name>
# # comp -include "$dsn\src\TestBench\exe2_TB_tim_cfg.vhd" 
# # asim +access +r TIMING_FOR_exe2 
# VSIM: 6 object(s) traced.
# Waveform file 'untitled.awc' connected to 'D:/CAD-HW04-HanieVatani/exe2/exe2/src/wave.asdb'.
# VSIM: 5 object(s) traced.
run
# KERNEL: Simulation has finished. There are no more test vectors to simulate.
acom -O3 -e 100 -work exe2 -2002  $dsn/src/TestBench/exe2_TB.vhd
# Warning: DAGGEN_0523: The source is compiled without the -dbg switch. Line breakpoints and assertion debug will not be available.
# File: D:/CAD-HW04-HanieVatani/exe2/exe2/src/TestBench/exe2_TB.vhd
# Compile Entity "exe2_tb"
# Compile Architecture "TB_ARCHITECTURE" of Entity "exe2_tb"
# Compile Configuration "TESTBENCH_FOR_exe2"
# Compile success 0 Errors 0 Warnings  Analysis time :  31.0 [ms]
SetActiveLib -work
comp -include "$dsn\src\exe2.vhd" 
# Warning: DAGGEN_0523: The source is compiled without the -dbg switch. Line breakpoints and assertion debug will not be available.
# File: D:/CAD-HW04-HanieVatani/exe2/exe2/src/exe2.vhd
# Compile Entity "exe2"
# Compile Architecture "exe2" of Entity "exe2"
# Compile success 0 Errors 0 Warnings  Analysis time :  31.0 [ms]
comp -include "$dsn\src\TestBench\exe2_TB.vhd" 
# Warning: DAGGEN_0523: The source is compiled without the -dbg switch. Line breakpoints and assertion debug will not be available.
# File: D:/CAD-HW04-HanieVatani/exe2/exe2/src/TestBench/exe2_TB.vhd
# Compile Entity "exe2_tb"
# Compile Architecture "TB_ARCHITECTURE" of Entity "exe2_tb"
# Compile Configuration "TESTBENCH_FOR_exe2"
# Compile success 0 Errors 0 Warnings  Analysis time :  31.0 [ms]
asim +access +r TESTBENCH_FOR_exe2 
# VSIM: Simulation has finished.
# ELBREAD: Elaboration process.
# ELBREAD: Elaboration time 0.1 [s].
# VSIM: Stack memory: 32MB
# VSIM: Retval memory: 32MB
# KERNEL: Main thread initiated.
# KERNEL: Kernel process initialization phase.
# ELAB2: Elaboration final pass...
# ELAB2: Create instances ...
# KERNEL: Time resolution set to 1ps.
# ELAB2: Create instances complete.
# SLP: Started
# SLP: Elaboration phase ...
# SLP: Elaboration phase ... skipped, nothing to simulate in SLP mode : 0.0 [s]
# SLP: Finished : 0.0 [s]
# ELAB2: Elaboration final pass complete - time: 0.0 [s].
# KERNEL: Kernel process initialization done.
# Allocation: Simulator allocated 5408 kB (elbread=427 elab2=4842 kernel=139 sdf=0)
# KERNEL: ASDB file was created in location D:\CAD-HW04-HanieVatani\exe2\exe2\src\wave.asdb
#  5:06 PM, Thursday, December 28, 2023
#  Simulation has been initialized
wave 
wave -noreg Reset
wave -noreg CLK
wave -noreg sensorA
wave -noreg sensorB
wave -noreg carIn
wave -noreg carOut
# # The following lines can be used for timing simulation
# # acom <backannotated_vhdl_file_name>
# # comp -include "$dsn\src\TestBench\exe2_TB_tim_cfg.vhd" 
# # asim +access +r TIMING_FOR_exe2 
# VSIM: 6 object(s) traced.
# Waveform file 'untitled.awc' connected to 'D:/CAD-HW04-HanieVatani/exe2/exe2/src/wave.asdb'.
# VSIM: 5 object(s) traced.
run
# KERNEL: Simulation has finished. There are no more test vectors to simulate.
acom -O3 -e 100 -work exe2 -2002  $dsn/src/TestBench/exe2_TB.vhd
# Warning: DAGGEN_0523: The source is compiled without the -dbg switch. Line breakpoints and assertion debug will not be available.
# File: D:/CAD-HW04-HanieVatani/exe2/exe2/src/TestBench/exe2_TB.vhd
# Compile Entity "exe2_tb"
# Compile Architecture "TB_ARCHITECTURE" of Entity "exe2_tb"
# Compile Configuration "TESTBENCH_FOR_exe2"
# Compile success 0 Errors 0 Warnings  Analysis time :  47.0 [ms]
SetActiveLib -work
comp -include "$dsn\src\exe2.vhd" 
# Warning: DAGGEN_0523: The source is compiled without the -dbg switch. Line breakpoints and assertion debug will not be available.
# File: D:/CAD-HW04-HanieVatani/exe2/exe2/src/exe2.vhd
# Compile Entity "exe2"
# Compile Architecture "exe2" of Entity "exe2"
# Compile success 0 Errors 0 Warnings  Analysis time :  47.0 [ms]
comp -include "$dsn\src\TestBench\exe2_TB.vhd" 
# Warning: DAGGEN_0523: The source is compiled without the -dbg switch. Line breakpoints and assertion debug will not be available.
# File: D:/CAD-HW04-HanieVatani/exe2/exe2/src/TestBench/exe2_TB.vhd
# Compile Entity "exe2_tb"
# Compile Architecture "TB_ARCHITECTURE" of Entity "exe2_tb"
# Compile Configuration "TESTBENCH_FOR_exe2"
# Compile success 0 Errors 0 Warnings  Analysis time :  31.0 [ms]
asim +access +r TESTBENCH_FOR_exe2 
# VSIM: Simulation has finished.
# ELBREAD: Elaboration process.
# ELBREAD: Elaboration time 0.2 [s].
# VSIM: Stack memory: 32MB
# VSIM: Retval memory: 32MB
# KERNEL: Main thread initiated.
# KERNEL: Kernel process initialization phase.
# ELAB2: Elaboration final pass...
# ELAB2: Create instances ...
# KERNEL: Time resolution set to 1ps.
# ELAB2: Create instances complete.
# SLP: Started
# SLP: Elaboration phase ...
# SLP: Elaboration phase ... skipped, nothing to simulate in SLP mode : 0.0 [s]
# SLP: Finished : 0.0 [s]
# ELAB2: Elaboration final pass complete - time: 0.1 [s].
# KERNEL: Kernel process initialization done.
# Allocation: Simulator allocated 5407 kB (elbread=427 elab2=4841 kernel=139 sdf=0)
# KERNEL: ASDB file was created in location D:\CAD-HW04-HanieVatani\exe2\exe2\src\wave.asdb
#  5:17 PM, Thursday, December 28, 2023
#  Simulation has been initialized
wave 
wave -noreg Reset
wave -noreg CLK
wave -noreg sensorA
wave -noreg sensorB
wave -noreg carIn
wave -noreg carOut
# # The following lines can be used for timing simulation
# # acom <backannotated_vhdl_file_name>
# # comp -include "$dsn\src\TestBench\exe2_TB_tim_cfg.vhd" 
# # asim +access +r TIMING_FOR_exe2 
# VSIM: 6 object(s) traced.
# Waveform file 'untitled.awc' connected to 'D:/CAD-HW04-HanieVatani/exe2/exe2/src/wave.asdb'.
# VSIM: 5 object(s) traced.
run
# KERNEL: Simulation has finished. There are no more test vectors to simulate.
acom -O3 -e 100 -work exe2 -2002  $dsn/src/exe2.vhd
# Warning: DAGGEN_0523: The source is compiled without the -dbg switch. Line breakpoints and assertion debug will not be available.
# File: D:/CAD-HW04-HanieVatani/exe2/exe2/src/exe2.vhd
# Compile Entity "exe2"
# Compile Architecture "exe2" of Entity "exe2"
# Compile success 0 Errors 0 Warnings  Analysis time :  31.0 [ms]
acom -O3 -e 100 -work exe2 -2002  $dsn/src/TestBench/exe2_TB.vhd
# Warning: DAGGEN_0523: The source is compiled without the -dbg switch. Line breakpoints and assertion debug will not be available.
# File: D:/CAD-HW04-HanieVatani/exe2/exe2/src/TestBench/exe2_TB.vhd
# Compile Entity "exe2_tb"
# Compile Architecture "TB_ARCHITECTURE" of Entity "exe2_tb"
# Compile Configuration "TESTBENCH_FOR_exe2"
# Compile success 0 Errors 0 Warnings  Analysis time :  31.0 [ms]
SetActiveLib -work
comp -include "$dsn\src\exe2.vhd" 
# Warning: DAGGEN_0523: The source is compiled without the -dbg switch. Line breakpoints and assertion debug will not be available.
# File: D:/CAD-HW04-HanieVatani/exe2/exe2/src/exe2.vhd
# Compile Entity "exe2"
# Compile Architecture "exe2" of Entity "exe2"
# Compile success 0 Errors 0 Warnings  Analysis time :  47.0 [ms]
comp -include "$dsn\src\TestBench\exe2_TB.vhd" 
# Warning: DAGGEN_0523: The source is compiled without the -dbg switch. Line breakpoints and assertion debug will not be available.
# File: D:/CAD-HW04-HanieVatani/exe2/exe2/src/TestBench/exe2_TB.vhd
# Compile Entity "exe2_tb"
# Compile Architecture "TB_ARCHITECTURE" of Entity "exe2_tb"
# Compile Configuration "TESTBENCH_FOR_exe2"
# Compile success 0 Errors 0 Warnings  Analysis time :  46.0 [ms]
asim +access +r TESTBENCH_FOR_exe2 
# VSIM: Simulation has finished.
# ELBREAD: Elaboration process.
# ELBREAD: Elaboration time 0.2 [s].
# VSIM: Stack memory: 32MB
# VSIM: Retval memory: 32MB
# KERNEL: Main thread initiated.
# KERNEL: Kernel process initialization phase.
# ELAB2: Elaboration final pass...
# ELAB2: Create instances ...
# KERNEL: Time resolution set to 1ps.
# ELAB2: Create instances complete.
# SLP: Started
# SLP: Elaboration phase ...
# SLP: Elaboration phase ... skipped, nothing to simulate in SLP mode : 0.0 [s]
# SLP: Finished : 0.0 [s]
# ELAB2: Elaboration final pass complete - time: 0.0 [s].
# KERNEL: Kernel process initialization done.
# Allocation: Simulator allocated 5407 kB (elbread=427 elab2=4841 kernel=139 sdf=0)
# KERNEL: ASDB file was created in location D:\CAD-HW04-HanieVatani\exe2\exe2\src\wave.asdb
#  5:21 PM, Thursday, December 28, 2023
#  Simulation has been initialized
wave 
wave -noreg Reset
wave -noreg CLK
wave -noreg sensorA
wave -noreg sensorB
wave -noreg carIn
wave -noreg carOut
# # The following lines can be used for timing simulation
# # acom <backannotated_vhdl_file_name>
# # comp -include "$dsn\src\TestBench\exe2_TB_tim_cfg.vhd" 
# # asim +access +r TIMING_FOR_exe2 
# VSIM: 6 object(s) traced.
# Waveform file 'untitled.awc' connected to 'D:/CAD-HW04-HanieVatani/exe2/exe2/src/wave.asdb'.
# VSIM: 5 object(s) traced.
run
# KERNEL: Simulation has finished. There are no more test vectors to simulate.
acom -O3 -e 100 -work exe2 -2002  $dsn/src/exe2.vhd
# Warning: DAGGEN_0523: The source is compiled without the -dbg switch. Line breakpoints and assertion debug will not be available.
# File: D:/CAD-HW04-HanieVatani/exe2/exe2/src/exe2.vhd
# Compile Entity "exe2"
# Compile Architecture "exe2" of Entity "exe2"
# Compile success 0 Errors 0 Warnings  Analysis time :  46.0 [ms]
acom -O3 -e 100 -work exe2 -2002  $dsn/src/TestBench/exe2_TB.vhd
# Warning: DAGGEN_0523: The source is compiled without the -dbg switch. Line breakpoints and assertion debug will not be available.
# File: D:/CAD-HW04-HanieVatani/exe2/exe2/src/TestBench/exe2_TB.vhd
# Compile Entity "exe2_tb"
# Compile Architecture "TB_ARCHITECTURE" of Entity "exe2_tb"
# Compile Configuration "TESTBENCH_FOR_exe2"
# Compile success 0 Errors 0 Warnings  Analysis time :  31.0 [ms]
SetActiveLib -work
comp -include "$dsn\src\exe2.vhd" 
# Warning: DAGGEN_0523: The source is compiled without the -dbg switch. Line breakpoints and assertion debug will not be available.
# File: D:/CAD-HW04-HanieVatani/exe2/exe2/src/exe2.vhd
# Compile Entity "exe2"
# Compile Architecture "exe2" of Entity "exe2"
# Compile success 0 Errors 0 Warnings  Analysis time :  31.0 [ms]
comp -include "$dsn\src\TestBench\exe2_TB.vhd" 
# Warning: DAGGEN_0523: The source is compiled without the -dbg switch. Line breakpoints and assertion debug will not be available.
# File: D:/CAD-HW04-HanieVatani/exe2/exe2/src/TestBench/exe2_TB.vhd
# Compile Entity "exe2_tb"
# Compile Architecture "TB_ARCHITECTURE" of Entity "exe2_tb"
# Compile Configuration "TESTBENCH_FOR_exe2"
# Compile success 0 Errors 0 Warnings  Analysis time :  31.0 [ms]
asim +access +r TESTBENCH_FOR_exe2 
# VSIM: Simulation has finished.
# ELBREAD: Elaboration process.
# ELBREAD: Elaboration time 0.1 [s].
# VSIM: Stack memory: 32MB
# VSIM: Retval memory: 32MB
# KERNEL: Main thread initiated.
# KERNEL: Kernel process initialization phase.
# ELAB2: Elaboration final pass...
# ELAB2: Create instances ...
# KERNEL: Time resolution set to 1ps.
# ELAB2: Create instances complete.
# SLP: Started
# SLP: Elaboration phase ...
# SLP: Elaboration phase ... skipped, nothing to simulate in SLP mode : 0.0 [s]
# SLP: Finished : 0.0 [s]
# ELAB2: Elaboration final pass complete - time: 0.0 [s].
# KERNEL: Kernel process initialization done.
# Allocation: Simulator allocated 5407 kB (elbread=427 elab2=4841 kernel=139 sdf=0)
# KERNEL: ASDB file was created in location D:\CAD-HW04-HanieVatani\exe2\exe2\src\wave.asdb
#  5:24 PM, Thursday, December 28, 2023
#  Simulation has been initialized
wave 
wave -noreg Reset
wave -noreg CLK
wave -noreg sensorA
wave -noreg sensorB
wave -noreg carIn
wave -noreg carOut
# # The following lines can be used for timing simulation
# # acom <backannotated_vhdl_file_name>
# # comp -include "$dsn\src\TestBench\exe2_TB_tim_cfg.vhd" 
# # asim +access +r TIMING_FOR_exe2 
# VSIM: 6 object(s) traced.
# Waveform file 'untitled.awc' connected to 'D:/CAD-HW04-HanieVatani/exe2/exe2/src/wave.asdb'.
# VSIM: 5 object(s) traced.
run
# KERNEL: Simulation has finished. There are no more test vectors to simulate.
SetActiveLib -work
comp -include "$dsn\src\exe2.vhd" 
# Warning: DAGGEN_0523: The source is compiled without the -dbg switch. Line breakpoints and assertion debug will not be available.
# File: D:/CAD-HW04-HanieVatani/exe2/exe2/src/exe2.vhd
# Compile Entity "exe2"
# Compile Architecture "exe2" of Entity "exe2"
# Compile success 0 Errors 0 Warnings  Analysis time :  31.0 [ms]
comp -include "$dsn\src\TestBench\exe2_TB.vhd" 
# Warning: DAGGEN_0523: The source is compiled without the -dbg switch. Line breakpoints and assertion debug will not be available.
# File: D:/CAD-HW04-HanieVatani/exe2/exe2/src/TestBench/exe2_TB.vhd
# Compile Entity "exe2_tb"
# Compile Architecture "TB_ARCHITECTURE" of Entity "exe2_tb"
# Compile Configuration "TESTBENCH_FOR_exe2"
# Compile success 0 Errors 0 Warnings  Analysis time :  31.0 [ms]
asim +access +r TESTBENCH_FOR_exe2 
# VSIM: Simulation has finished.
# ELBREAD: Elaboration process.
# ELBREAD: Elaboration time 0.1 [s].
# VSIM: Stack memory: 32MB
# VSIM: Retval memory: 32MB
# KERNEL: Main thread initiated.
# KERNEL: Kernel process initialization phase.
# ELAB2: Elaboration final pass...
# ELAB2: Create instances ...
# KERNEL: Time resolution set to 1ps.
# ELAB2: Create instances complete.
# SLP: Started
# SLP: Elaboration phase ...
# SLP: Elaboration phase ... skipped, nothing to simulate in SLP mode : 0.0 [s]
# SLP: Finished : 0.0 [s]
# ELAB2: Elaboration final pass complete - time: 0.0 [s].
# KERNEL: Kernel process initialization done.
# Allocation: Simulator allocated 5407 kB (elbread=427 elab2=4841 kernel=139 sdf=0)
# KERNEL: ASDB file was created in location D:\CAD-HW04-HanieVatani\exe2\exe2\src\wave.asdb
#  5:27 PM, Thursday, December 28, 2023
#  Simulation has been initialized
wave 
wave -noreg Reset
wave -noreg CLK
wave -noreg sensorA
wave -noreg sensorB
wave -noreg carIn
wave -noreg carOut
# # The following lines can be used for timing simulation
# # acom <backannotated_vhdl_file_name>
# # comp -include "$dsn\src\TestBench\exe2_TB_tim_cfg.vhd" 
# # asim +access +r TIMING_FOR_exe2 
# VSIM: 6 object(s) traced.
# Waveform file 'untitled.awc' connected to 'D:/CAD-HW04-HanieVatani/exe2/exe2/src/wave.asdb'.
acom -O3 -e 100 -work exe2 -2002  $dsn/src/exe2.vhd
# Warning: DAGGEN_0523: The source is compiled without the -dbg switch. Line breakpoints and assertion debug will not be available.
# File: D:/CAD-HW04-HanieVatani/exe2/exe2/src/exe2.vhd
# Compile Entity "exe2"
# Compile Architecture "exe2" of Entity "exe2"
# Compile success 0 Errors 0 Warnings  Analysis time :  31.0 [ms]
acom -O3 -e 100 -work exe2 -2002  $dsn/src/TestBench/exe2_TB.vhd
# Warning: DAGGEN_0523: The source is compiled without the -dbg switch. Line breakpoints and assertion debug will not be available.
# File: D:/CAD-HW04-HanieVatani/exe2/exe2/src/TestBench/exe2_TB.vhd
# Compile Entity "exe2_tb"
# Compile Architecture "TB_ARCHITECTURE" of Entity "exe2_tb"
# Compile Configuration "TESTBENCH_FOR_exe2"
# Compile success 0 Errors 0 Warnings  Analysis time :  31.0 [ms]
SetActiveLib -work
comp -include "$dsn\src\exe2.vhd" 
# Warning: DAGGEN_0523: The source is compiled without the -dbg switch. Line breakpoints and assertion debug will not be available.
# File: D:/CAD-HW04-HanieVatani/exe2/exe2/src/exe2.vhd
# Compile Entity "exe2"
# Compile Architecture "exe2" of Entity "exe2"
# Compile success 0 Errors 0 Warnings  Analysis time :  32.0 [ms]
comp -include "$dsn\src\TestBench\exe2_TB.vhd" 
# Warning: DAGGEN_0523: The source is compiled without the -dbg switch. Line breakpoints and assertion debug will not be available.
# File: D:/CAD-HW04-HanieVatani/exe2/exe2/src/TestBench/exe2_TB.vhd
# Compile Entity "exe2_tb"
# Compile Architecture "TB_ARCHITECTURE" of Entity "exe2_tb"
# Compile Configuration "TESTBENCH_FOR_exe2"
# Compile success 0 Errors 0 Warnings  Analysis time :  31.0 [ms]
asim +access +r TESTBENCH_FOR_exe2 
# VSIM: Simulation has finished.
# ELBREAD: Elaboration process.
# ELBREAD: Elaboration time 0.1 [s].
# VSIM: Stack memory: 32MB
# VSIM: Retval memory: 32MB
# KERNEL: Main thread initiated.
# KERNEL: Kernel process initialization phase.
# ELAB2: Elaboration final pass...
# ELAB2: Create instances ...
# KERNEL: Time resolution set to 1ps.
# ELAB2: Create instances complete.
# SLP: Started
# SLP: Elaboration phase ...
# SLP: Elaboration phase ... skipped, nothing to simulate in SLP mode : 0.0 [s]
# SLP: Finished : 0.0 [s]
# ELAB2: Elaboration final pass complete - time: 0.0 [s].
# KERNEL: Kernel process initialization done.
# Allocation: Simulator allocated 5407 kB (elbread=427 elab2=4841 kernel=139 sdf=0)
# KERNEL: ASDB file was created in location D:\CAD-HW04-HanieVatani\exe2\exe2\src\wave.asdb
#  5:27 PM, Thursday, December 28, 2023
#  Simulation has been initialized
wave 
wave -noreg Reset
wave -noreg CLK
wave -noreg sensorA
wave -noreg sensorB
wave -noreg carIn
wave -noreg carOut
# # The following lines can be used for timing simulation
# # acom <backannotated_vhdl_file_name>
# # comp -include "$dsn\src\TestBench\exe2_TB_tim_cfg.vhd" 
# # asim +access +r TIMING_FOR_exe2 
# VSIM: 6 object(s) traced.
# Waveform file 'untitled.awc' connected to 'D:/CAD-HW04-HanieVatani/exe2/exe2/src/wave.asdb'.
# VSIM: 5 object(s) traced.
run
# KERNEL: Simulation has finished. There are no more test vectors to simulate.
acom -O3 -e 100 -work exe2 -2002  $dsn/src/exe2.vhd
# Warning: DAGGEN_0523: The source is compiled without the -dbg switch. Line breakpoints and assertion debug will not be available.
# File: D:/CAD-HW04-HanieVatani/exe2/exe2/src/exe2.vhd
# Compile Entity "exe2"
# Compile Architecture "exe2" of Entity "exe2"
# Compile success 0 Errors 0 Warnings  Analysis time :  31.0 [ms]
acom -O3 -e 100 -work exe2 -2002  $dsn/src/TestBench/exe2_TB.vhd
# Warning: DAGGEN_0523: The source is compiled without the -dbg switch. Line breakpoints and assertion debug will not be available.
# File: D:/CAD-HW04-HanieVatani/exe2/exe2/src/TestBench/exe2_TB.vhd
# Compile Entity "exe2_tb"
# Compile Architecture "TB_ARCHITECTURE" of Entity "exe2_tb"
# Compile Configuration "TESTBENCH_FOR_exe2"
# Compile success 0 Errors 0 Warnings  Analysis time :  31.0 [ms]
SetActiveLib -work
comp -include "$dsn\src\exe2.vhd" 
# Warning: DAGGEN_0523: The source is compiled without the -dbg switch. Line breakpoints and assertion debug will not be available.
# File: D:/CAD-HW04-HanieVatani/exe2/exe2/src/exe2.vhd
# Compile Entity "exe2"
# Compile Architecture "exe2" of Entity "exe2"
# Compile success 0 Errors 0 Warnings  Analysis time :  32.0 [ms]
comp -include "$dsn\src\TestBench\exe2_TB.vhd" 
# Warning: DAGGEN_0523: The source is compiled without the -dbg switch. Line breakpoints and assertion debug will not be available.
# File: D:/CAD-HW04-HanieVatani/exe2/exe2/src/TestBench/exe2_TB.vhd
# Compile Entity "exe2_tb"
# Compile Architecture "TB_ARCHITECTURE" of Entity "exe2_tb"
# Compile Configuration "TESTBENCH_FOR_exe2"
# Compile success 0 Errors 0 Warnings  Analysis time :  31.0 [ms]
asim +access +r TESTBENCH_FOR_exe2 
# VSIM: Simulation has finished.
# ELBREAD: Elaboration process.
# ELBREAD: Elaboration time 0.1 [s].
# VSIM: Stack memory: 32MB
# VSIM: Retval memory: 32MB
# KERNEL: Main thread initiated.
# KERNEL: Kernel process initialization phase.
# ELAB2: Elaboration final pass...
# ELAB2: Create instances ...
# KERNEL: Time resolution set to 1ps.
# ELAB2: Create instances complete.
# SLP: Started
# SLP: Elaboration phase ...
# SLP: Elaboration phase ... skipped, nothing to simulate in SLP mode : 0.0 [s]
# SLP: Finished : 0.0 [s]
# ELAB2: Elaboration final pass complete - time: 0.0 [s].
# KERNEL: Kernel process initialization done.
# Allocation: Simulator allocated 5407 kB (elbread=427 elab2=4841 kernel=139 sdf=0)
# KERNEL: ASDB file was created in location D:\CAD-HW04-HanieVatani\exe2\exe2\src\wave.asdb
#  5:31 PM, Thursday, December 28, 2023
#  Simulation has been initialized
wave 
wave -noreg Reset
wave -noreg CLK
wave -noreg sensorA
wave -noreg sensorB
wave -noreg carIn
wave -noreg carOut
# # The following lines can be used for timing simulation
# # acom <backannotated_vhdl_file_name>
# # comp -include "$dsn\src\TestBench\exe2_TB_tim_cfg.vhd" 
# # asim +access +r TIMING_FOR_exe2 
# VSIM: 6 object(s) traced.
# Waveform file 'untitled.awc' connected to 'D:/CAD-HW04-HanieVatani/exe2/exe2/src/wave.asdb'.
# VSIM: 5 object(s) traced.
run
# KERNEL: Simulation has finished. There are no more test vectors to simulate.
acom -O3 -e 100 -work exe2 -2002  $dsn/src/TestBench/exe2_TB.vhd
# Warning: DAGGEN_0523: The source is compiled without the -dbg switch. Line breakpoints and assertion debug will not be available.
# File: D:/CAD-HW04-HanieVatani/exe2/exe2/src/TestBench/exe2_TB.vhd
# Compile Entity "exe2_tb"
# Compile Architecture "TB_ARCHITECTURE" of Entity "exe2_tb"
# Compile Configuration "TESTBENCH_FOR_exe2"
# Compile success 0 Errors 0 Warnings  Analysis time :  47.0 [ms]
SetActiveLib -work
comp -include "$dsn\src\exe2.vhd" 
# Warning: DAGGEN_0523: The source is compiled without the -dbg switch. Line breakpoints and assertion debug will not be available.
# File: D:/CAD-HW04-HanieVatani/exe2/exe2/src/exe2.vhd
# Compile Entity "exe2"
# Compile Architecture "exe2" of Entity "exe2"
# Compile success 0 Errors 0 Warnings  Analysis time :  31.0 [ms]
comp -include "$dsn\src\TestBench\exe2_TB.vhd" 
# Warning: DAGGEN_0523: The source is compiled without the -dbg switch. Line breakpoints and assertion debug will not be available.
# File: D:/CAD-HW04-HanieVatani/exe2/exe2/src/TestBench/exe2_TB.vhd
# Compile Entity "exe2_tb"
# Compile Architecture "TB_ARCHITECTURE" of Entity "exe2_tb"
# Compile Configuration "TESTBENCH_FOR_exe2"
# Compile success 0 Errors 0 Warnings  Analysis time :  31.0 [ms]
asim +access +r TESTBENCH_FOR_exe2 
# VSIM: Simulation has finished.
# ELBREAD: Elaboration process.
# ELBREAD: Elaboration time 0.1 [s].
# VSIM: Stack memory: 32MB
# VSIM: Retval memory: 32MB
# KERNEL: Main thread initiated.
# KERNEL: Kernel process initialization phase.
# ELAB2: Elaboration final pass...
# ELAB2: Create instances ...
# KERNEL: Time resolution set to 1ps.
# ELAB2: Create instances complete.
# SLP: Started
# SLP: Elaboration phase ...
# SLP: Elaboration phase ... skipped, nothing to simulate in SLP mode : 0.0 [s]
# SLP: Finished : 0.0 [s]
# ELAB2: Elaboration final pass complete - time: 0.0 [s].
# KERNEL: Kernel process initialization done.
# Allocation: Simulator allocated 5407 kB (elbread=427 elab2=4841 kernel=139 sdf=0)
# KERNEL: ASDB file was created in location D:\CAD-HW04-HanieVatani\exe2\exe2\src\wave.asdb
#  5:33 PM, Thursday, December 28, 2023
#  Simulation has been initialized
wave 
wave -noreg Reset
wave -noreg CLK
wave -noreg sensorA
wave -noreg sensorB
wave -noreg carIn
wave -noreg carOut
# # The following lines can be used for timing simulation
# # acom <backannotated_vhdl_file_name>
# # comp -include "$dsn\src\TestBench\exe2_TB_tim_cfg.vhd" 
# # asim +access +r TIMING_FOR_exe2 
# VSIM: 6 object(s) traced.
# Waveform file 'untitled.awc' connected to 'D:/CAD-HW04-HanieVatani/exe2/exe2/src/wave.asdb'.
# VSIM: 5 object(s) traced.
run
# KERNEL: Simulation has finished. There are no more test vectors to simulate.
# Waveform file 'D:/CAD-HW04-HanieVatani/exe2/exe2/src/untitled.awc' connected to 'D:/CAD-HW04-HanieVatani/exe2/exe2/src/untitled.asdb'.
# Adding file D:\CAD-HW04-HanieVatani\exe2\exe2\src\untitled.asdb ... Done
# Adding file D:\CAD-HW04-HanieVatani\exe2\exe2\src\untitled.awc ... Done
