
AVRASM ver. 2.1.30  \\Mac\Home\Desktop\HanieVatani-exe4\Debug\List\exe4.asm Tue May 21 12:11:47 2024

\\Mac\Home\Desktop\HanieVatani-exe4\Debug\List\exe4.asm(1414): warning: Register r4 already defined by the .DEF directive
\\Mac\Home\Desktop\HanieVatani-exe4\Debug\List\exe4.asm(1415): warning: Register r5 already defined by the .DEF directive
\\Mac\Home\Desktop\HanieVatani-exe4\Debug\List\exe4.asm(1416): warning: Register r7 already defined by the .DEF directive
\\Mac\Home\Desktop\HanieVatani-exe4\Debug\List\exe4.asm(1417): warning: Register r6 already defined by the .DEF directive
\\Mac\Home\Desktop\HanieVatani-exe4\Debug\List\exe4.asm(1418): warning: Register r9 already defined by the .DEF directive
                 
                 
                 ;CodeVisionAVR C Compiler V3.47 Advanced
                 ;(C) Copyright 1998-2021 Pavel Haiduc, HP InfoTech S.R.L.
                 ;http://www.hpinfotech.ro
                 
                 ;Build configuration    : Debug
                 ;Chip type              : ATmega16
                 ;Program type           : Application
                 ;Clock frequency        : 1.000000 MHz
                 ;Memory model           : Small
                 ;Optimize for           : Size
                 ;(s)printf features     : int, width
                 ;(s)scanf features      : int, width
                 ;External RAM size      : 0
                 ;Data Stack size        : 256 byte(s)
                 ;Heap size              : 0 byte(s)
                 ;Promote 'char' to 'int': Yes
                 ;'char' is unsigned     : Yes
                 ;8 bit enums            : Yes
                 ;Global 'const' stored in FLASH: No
                 ;Enhanced function parameter passing: Mode 2
                 ;Enhanced core instructions: On
                 ;Automatic register allocation for global variables: On
                 ;Smart register allocation: On
                 
                 	#define _MODEL_SMALL_
                 
                 	#pragma AVRPART ADMIN PART_NAME ATmega16
                 	#pragma AVRPART MEMORY PROG_FLASH 16384
                 	#pragma AVRPART MEMORY EEPROM 512
                 	#pragma AVRPART MEMORY INT_SRAM SIZE 1024
                 	#pragma AVRPART MEMORY INT_SRAM START_ADDR 0x60
                 
                 	#define CALL_SUPPORTED 1
                 
                 	.LISTMAC
                 	.EQU UDRE=0x5
                 	.EQU RXC=0x7
                 	.EQU USR=0xB
                 	.EQU UDR=0xC
                 	.EQU SPSR=0xE
                 	.EQU SPDR=0xF
                 	.EQU EERE=0x0
                 	.EQU EEWE=0x1
                 	.EQU EEMWE=0x2
                 	.EQU EECR=0x1C
                 	.EQU EEDR=0x1D
                 	.EQU EEARL=0x1E
                 	.EQU EEARH=0x1F
                 	.EQU WDTCR=0x21
                 	.EQU MCUCR=0x35
                 	.EQU GICR=0x3B
                 	.EQU SPL=0x3D
                 	.EQU SPH=0x3E
                 	.EQU SREG=0x3F
                 
                 	.DEF R0X0=R0
                 	.DEF R0X1=R1
                 	.DEF R0X2=R2
                 	.DEF R0X3=R3
                 	.DEF R0X4=R4
                 	.DEF R0X5=R5
                 	.DEF R0X6=R6
                 	.DEF R0X7=R7
                 	.DEF R0X8=R8
                 	.DEF R0X9=R9
                 	.DEF R0XA=R10
                 	.DEF R0XB=R11
                 	.DEF R0XC=R12
                 	.DEF R0XD=R13
                 	.DEF R0XE=R14
                 	.DEF R0XF=R15
                 	.DEF R0X10=R16
                 	.DEF R0X11=R17
                 	.DEF R0X12=R18
                 	.DEF R0X13=R19
                 	.DEF R0X14=R20
                 	.DEF R0X15=R21
                 	.DEF R0X16=R22
                 	.DEF R0X17=R23
                 	.DEF R0X18=R24
                 	.DEF R0X19=R25
                 	.DEF R0X1A=R26
                 	.DEF R0X1B=R27
                 	.DEF R0X1C=R28
                 	.DEF R0X1D=R29
                 	.DEF R0X1E=R30
                 	.DEF R0X1F=R31
                 
                 	.EQU __SRAM_START=0x0060
                 	.EQU __SRAM_END=0x045F
                 	.EQU __DSTACK_SIZE=0x0100
                 	.EQU __HEAP_SIZE=0x0000
                 	.EQU __CLEAR_SRAM_SIZE=__SRAM_END-__SRAM_START+1
                 
                 	.MACRO __CPD1N
                 	CPI  R30,LOW(@0)
                 	LDI  R26,HIGH(@0)
                 	CPC  R31,R26
                 	LDI  R26,BYTE3(@0)
                 	CPC  R22,R26
                 	LDI  R26,BYTE4(@0)
                 	CPC  R23,R26
                 	.ENDM
                 
                 	.MACRO __CPD2N
                 	CPI  R26,LOW(@0)
                 	LDI  R30,HIGH(@0)
                 	CPC  R27,R30
                 	LDI  R30,BYTE3(@0)
                 	CPC  R24,R30
                 	LDI  R30,BYTE4(@0)
                 	CPC  R25,R30
                 	.ENDM
                 
                 	.MACRO __CPWRR
                 	CP   R@0,R@2
                 	CPC  R@1,R@3
                 	.ENDM
                 
                 	.MACRO __CPWRN
                 	CPI  R@0,LOW(@2)
                 	LDI  R30,HIGH(@2)
                 	CPC  R@1,R30
                 	.ENDM
                 
                 	.MACRO __ADDB1MN
                 	SUBI R30,LOW(-@0-(@1))
                 	.ENDM
                 
                 	.MACRO __ADDB2MN
                 	SUBI R26,LOW(-@0-(@1))
                 	.ENDM
                 
                 	.MACRO __ADDW1MN
                 	SUBI R30,LOW(-@0-(@1))
                 	SBCI R31,HIGH(-@0-(@1))
                 	.ENDM
                 
                 	.MACRO __ADDW2MN
                 	SUBI R26,LOW(-@0-(@1))
                 	SBCI R27,HIGH(-@0-(@1))
                 	.ENDM
                 
                 	.MACRO __ADDW1FN
                 	SUBI R30,LOW(-2*@0-(@1))
                 	SBCI R31,HIGH(-2*@0-(@1))
                 	.ENDM
                 
                 	.MACRO __ADDD1FN
                 	SUBI R30,LOW(-2*@0-(@1))
                 	SBCI R31,HIGH(-2*@0-(@1))
                 	SBCI R22,BYTE3(-2*@0-(@1))
                 	.ENDM
                 
                 	.MACRO __ADDD1N
                 	SUBI R30,LOW(-@0)
                 	SBCI R31,HIGH(-@0)
                 	SBCI R22,BYTE3(-@0)
                 	SBCI R23,BYTE4(-@0)
                 	.ENDM
                 
                 	.MACRO __ADDD2N
                 	SUBI R26,LOW(-@0)
                 	SBCI R27,HIGH(-@0)
                 	SBCI R24,BYTE3(-@0)
                 	SBCI R25,BYTE4(-@0)
                 	.ENDM
                 
                 	.MACRO __SUBD1N
                 	SUBI R30,LOW(@0)
                 	SBCI R31,HIGH(@0)
                 	SBCI R22,BYTE3(@0)
                 	SBCI R23,BYTE4(@0)
                 	.ENDM
                 
                 	.MACRO __SUBD2N
                 	SUBI R26,LOW(@0)
                 	SBCI R27,HIGH(@0)
                 	SBCI R24,BYTE3(@0)
                 	SBCI R25,BYTE4(@0)
                 	.ENDM
                 
                 	.MACRO __ANDBMNN
                 	LDS  R30,@0+(@1)
                 	ANDI R30,LOW(@2)
                 	STS  @0+(@1),R30
                 	.ENDM
                 
                 	.MACRO __ANDWMNN
                 	LDS  R30,@0+(@1)
                 	ANDI R30,LOW(@2)
                 	STS  @0+(@1),R30
                 	LDS  R30,@0+(@1)+1
                 	ANDI R30,HIGH(@2)
                 	STS  @0+(@1)+1,R30
                 	.ENDM
                 
                 	.MACRO __ANDD1N
                 	ANDI R30,LOW(@0)
                 	ANDI R31,HIGH(@0)
                 	ANDI R22,BYTE3(@0)
                 	ANDI R23,BYTE4(@0)
                 	.ENDM
                 
                 	.MACRO __ANDD2N
                 	ANDI R26,LOW(@0)
                 	ANDI R27,HIGH(@0)
                 	ANDI R24,BYTE3(@0)
                 	ANDI R25,BYTE4(@0)
                 	.ENDM
                 
                 	.MACRO __ORBMNN
                 	LDS  R30,@0+(@1)
                 	ORI  R30,LOW(@2)
                 	STS  @0+(@1),R30
                 	.ENDM
                 
                 	.MACRO __ORWMNN
                 	LDS  R30,@0+(@1)
                 	ORI  R30,LOW(@2)
                 	STS  @0+(@1),R30
                 	LDS  R30,@0+(@1)+1
                 	ORI  R30,HIGH(@2)
                 	STS  @0+(@1)+1,R30
                 	.ENDM
                 
                 	.MACRO __ORD1N
                 	ORI  R30,LOW(@0)
                 	ORI  R31,HIGH(@0)
                 	ORI  R22,BYTE3(@0)
                 	ORI  R23,BYTE4(@0)
                 	.ENDM
                 
                 	.MACRO __ORD2N
                 	ORI  R26,LOW(@0)
                 	ORI  R27,HIGH(@0)
                 	ORI  R24,BYTE3(@0)
                 	ORI  R25,BYTE4(@0)
                 	.ENDM
                 
                 	.MACRO __DELAY_USB
                 	LDI  R24,LOW(@0)
                 __DELAY_USB_LOOP:
                 	DEC  R24
                 	BRNE __DELAY_USB_LOOP
                 	.ENDM
                 
                 	.MACRO __DELAY_USW
                 	LDI  R24,LOW(@0)
                 	LDI  R25,HIGH(@0)
                 __DELAY_USW_LOOP:
                 	SBIW R24,1
                 	BRNE __DELAY_USW_LOOP
                 	.ENDM
                 
                 	.MACRO __GETW1P
                 	LD   R30,X+
                 	LD   R31,X
                 	SBIW R26,1
                 	.ENDM
                 
                 	.MACRO __GETD1S
                 	LDD  R30,Y+@0
                 	LDD  R31,Y+@0+1
                 	LDD  R22,Y+@0+2
                 	LDD  R23,Y+@0+3
                 	.ENDM
                 
                 	.MACRO __GETD2S
                 	LDD  R26,Y+@0
                 	LDD  R27,Y+@0+1
                 	LDD  R24,Y+@0+2
                 	LDD  R25,Y+@0+3
                 	.ENDM
                 
                 	.MACRO __GETD1P_INC
                 	LD   R30,X+
                 	LD   R31,X+
                 	LD   R22,X+
                 	LD   R23,X+
                 	.ENDM
                 
                 	.MACRO __GETD1P_DEC
                 	LD   R23,-X
                 	LD   R22,-X
                 	LD   R31,-X
                 	LD   R30,-X
                 	.ENDM
                 
                 	.MACRO __PUTDP1
                 	ST   X+,R30
                 	ST   X+,R31
                 	ST   X+,R22
                 	ST   X,R23
                 	.ENDM
                 
                 	.MACRO __PUTDP1_DEC
                 	ST   -X,R23
                 	ST   -X,R22
                 	ST   -X,R31
                 	ST   -X,R30
                 	.ENDM
                 
                 	.MACRO __PUTD1S
                 	STD  Y+@0,R30
                 	STD  Y+@0+1,R31
                 	STD  Y+@0+2,R22
                 	STD  Y+@0+3,R23
                 	.ENDM
                 
                 	.MACRO __PUTD2S
                 	STD  Y+@0,R26
                 	STD  Y+@0+1,R27
                 	STD  Y+@0+2,R24
                 	STD  Y+@0+3,R25
                 	.ENDM
                 
                 	.MACRO __PUTDZ2
                 	STD  Z+@0,R26
                 	STD  Z+@0+1,R27
                 	STD  Z+@0+2,R24
                 	STD  Z+@0+3,R25
                 	.ENDM
                 
                 	.MACRO __CLRD1S
                 	STD  Y+@0,R30
                 	STD  Y+@0+1,R30
                 	STD  Y+@0+2,R30
                 	STD  Y+@0+3,R30
                 	.ENDM
                 
                 	.MACRO __CPD10
                 	SBIW R30,0
                 	SBCI R22,0
                 	SBCI R23,0
                 	.ENDM
                 
                 	.MACRO __CPD20
                 	SBIW R26,0
                 	SBCI R24,0
                 	SBCI R25,0
                 	.ENDM
                 
                 	.MACRO __ADDD12
                 	ADD  R30,R26
                 	ADC  R31,R27
                 	ADC  R22,R24
                 	ADC  R23,R25
                 	.ENDM
                 
                 	.MACRO __ADDD21
                 	ADD  R26,R30
                 	ADC  R27,R31
                 	ADC  R24,R22
                 	ADC  R25,R23
                 	.ENDM
                 
                 	.MACRO __SUBD12
                 	SUB  R30,R26
                 	SBC  R31,R27
                 	SBC  R22,R24
                 	SBC  R23,R25
                 	.ENDM
                 
                 	.MACRO __SUBD21
                 	SUB  R26,R30
                 	SBC  R27,R31
                 	SBC  R24,R22
                 	SBC  R25,R23
                 	.ENDM
                 
                 	.MACRO __ANDD12
                 	AND  R30,R26
                 	AND  R31,R27
                 	AND  R22,R24
                 	AND  R23,R25
                 	.ENDM
                 
                 	.MACRO __ORD12
                 	OR   R30,R26
                 	OR   R31,R27
                 	OR   R22,R24
                 	OR   R23,R25
                 	.ENDM
                 
                 	.MACRO __XORD12
                 	EOR  R30,R26
                 	EOR  R31,R27
                 	EOR  R22,R24
                 	EOR  R23,R25
                 	.ENDM
                 
                 	.MACRO __XORD21
                 	EOR  R26,R30
                 	EOR  R27,R31
                 	EOR  R24,R22
                 	EOR  R25,R23
                 	.ENDM
                 
                 	.MACRO __COMD1
                 	COM  R30
                 	COM  R31
                 	COM  R22
                 	COM  R23
                 	.ENDM
                 
                 	.MACRO __MULD2_2
                 	LSL  R26
                 	ROL  R27
                 	ROL  R24
                 	ROL  R25
                 	.ENDM
                 
                 	.MACRO __LSRD1
                 	LSR  R23
                 	ROR  R22
                 	ROR  R31
                 	ROR  R30
                 	.ENDM
                 
                 	.MACRO __LSLD1
                 	LSL  R30
                 	ROL  R31
                 	ROL  R22
                 	ROL  R23
                 	.ENDM
                 
                 	.MACRO __ASRB4
                 	ASR  R30
                 	ASR  R30
                 	ASR  R30
                 	ASR  R30
                 	.ENDM
                 
                 	.MACRO __ASRW8
                 	MOV  R30,R31
                 	CLR  R31
                 	SBRC R30,7
                 	SER  R31
                 	.ENDM
                 
                 	.MACRO __LSRD16
                 	MOV  R30,R22
                 	MOV  R31,R23
                 	LDI  R22,0
                 	LDI  R23,0
                 	.ENDM
                 
                 	.MACRO __LSLD16
                 	MOV  R22,R30
                 	MOV  R23,R31
                 	LDI  R30,0
                 	LDI  R31,0
                 	.ENDM
                 
                 	.MACRO __CWD1
                 	MOV  R22,R31
                 	ADD  R22,R22
                 	SBC  R22,R22
                 	MOV  R23,R22
                 	.ENDM
                 
                 	.MACRO __CWD2
                 	MOV  R24,R27
                 	ADD  R24,R24
                 	SBC  R24,R24
                 	MOV  R25,R24
                 	.ENDM
                 
                 	.MACRO __SETMSD1
                 	SER  R31
                 	SER  R22
                 	SER  R23
                 	.ENDM
                 
                 	.MACRO __ADDW1R15
                 	CLR  R0
                 	ADD  R30,R15
                 	ADC  R31,R0
                 	.ENDM
                 
                 	.MACRO __ADDW2R15
                 	CLR  R0
                 	ADD  R26,R15
                 	ADC  R27,R0
                 	.ENDM
                 
                 	.MACRO __EQB12
                 	CP   R30,R26
                 	LDI  R30,1
                 	BREQ PC+2
                 	CLR  R30
                 	.ENDM
                 
                 	.MACRO __NEB12
                 	CP   R30,R26
                 	LDI  R30,1
                 	BRNE PC+2
                 	CLR  R30
                 	.ENDM
                 
                 	.MACRO __LEB12
                 	CP   R30,R26
                 	LDI  R30,1
                 	BRGE PC+2
                 	CLR  R30
                 	.ENDM
                 
                 	.MACRO __GEB12
                 	CP   R26,R30
                 	LDI  R30,1
                 	BRGE PC+2
                 	CLR  R30
                 	.ENDM
                 
                 	.MACRO __LTB12
                 	CP   R26,R30
                 	LDI  R30,1
                 	BRLT PC+2
                 	CLR  R30
                 	.ENDM
                 
                 	.MACRO __GTB12
                 	CP   R30,R26
                 	LDI  R30,1
                 	BRLT PC+2
                 	CLR  R30
                 	.ENDM
                 
                 	.MACRO __LEB12U
                 	CP   R30,R26
                 	LDI  R30,1
                 	BRSH PC+2
                 	CLR  R30
                 	.ENDM
                 
                 	.MACRO __GEB12U
                 	CP   R26,R30
                 	LDI  R30,1
                 	BRSH PC+2
                 	CLR  R30
                 	.ENDM
                 
                 	.MACRO __LTB12U
                 	CP   R26,R30
                 	LDI  R30,1
                 	BRLO PC+2
                 	CLR  R30
                 	.ENDM
                 
                 	.MACRO __GTB12U
                 	CP   R30,R26
                 	LDI  R30,1
                 	BRLO PC+2
                 	CLR  R30
                 	.ENDM
                 
                 	.MACRO __CPW01
                 	CLR  R0
                 	CP   R0,R30
                 	CPC  R0,R31
                 	.ENDM
                 
                 	.MACRO __CPW02
                 	CLR  R0
                 	CP   R0,R26
                 	CPC  R0,R27
                 	.ENDM
                 
                 	.MACRO __CPD12
                 	CP   R30,R26
                 	CPC  R31,R27
                 	CPC  R22,R24
                 	CPC  R23,R25
                 	.ENDM
                 
                 	.MACRO __CPD21
                 	CP   R26,R30
                 	CPC  R27,R31
                 	CPC  R24,R22
                 	CPC  R25,R23
                 	.ENDM
                 
                 	.MACRO __BSTB1
                 	CLT
                 	TST  R30
                 	BREQ PC+2
                 	SET
                 	.ENDM
                 
                 	.MACRO __LNEGB1
                 	TST  R30
                 	LDI  R30,1
                 	BREQ PC+2
                 	CLR  R30
                 	.ENDM
                 
                 	.MACRO __LNEGW1
                 	OR   R30,R31
                 	LDI  R30,1
                 	BREQ PC+2
                 	LDI  R30,0
                 	.ENDM
                 
                 	.MACRO __POINTB1MN
                 	LDI  R30,LOW(@0+(@1))
                 	.ENDM
                 
                 	.MACRO __POINTW1MN
                 	LDI  R30,LOW(@0+(@1))
                 	LDI  R31,HIGH(@0+(@1))
                 	.ENDM
                 
                 	.MACRO __POINTD1M
                 	LDI  R30,LOW(@0)
                 	LDI  R31,HIGH(@0)
                 	LDI  R22,BYTE3(@0)
                 	LDI  R23,BYTE4(@0)
                 	.ENDM
                 
                 	.MACRO __POINTW1FN
                 	LDI  R30,LOW(2*@0+(@1))
                 	LDI  R31,HIGH(2*@0+(@1))
                 	.ENDM
                 
                 	.MACRO __POINTD1FN
                 	LDI  R30,LOW(2*@0+(@1))
                 	LDI  R31,HIGH(2*@0+(@1))
                 	LDI  R22,BYTE3(2*@0+(@1))
                 	LDI  R23,BYTE4(2*@0+(@1))
                 	.ENDM
                 
                 	.MACRO __POINTB2MN
                 	LDI  R26,LOW(@0+(@1))
                 	.ENDM
                 
                 	.MACRO __POINTW2MN
                 	LDI  R26,LOW(@0+(@1))
                 	LDI  R27,HIGH(@0+(@1))
                 	.ENDM
                 
                 	.MACRO __POINTD2M
                 	LDI  R26,LOW(@0)
                 	LDI  R27,HIGH(@0)
                 	LDI  R24,BYTE3(@0)
                 	LDI  R25,BYTE4(@0)
                 	.ENDM
                 
                 	.MACRO __POINTW2FN
                 	LDI  R26,LOW(2*@0+(@1))
                 	LDI  R27,HIGH(2*@0+(@1))
                 	.ENDM
                 
                 	.MACRO __POINTD2FN
                 	LDI  R26,LOW(2*@0+(@1))
                 	LDI  R27,HIGH(2*@0+(@1))
                 	LDI  R24,BYTE3(2*@0+(@1))
                 	LDI  R25,BYTE4(2*@0+(@1))
                 	.ENDM
                 
                 	.MACRO __POINTBRM
                 	LDI  R@0,LOW(@1)
                 	.ENDM
                 
                 	.MACRO __POINTWRM
                 	LDI  R@0,LOW(@2)
                 	LDI  R@1,HIGH(@2)
                 	.ENDM
                 
                 	.MACRO __POINTBRMN
                 	LDI  R@0,LOW(@1+(@2))
                 	.ENDM
                 
                 	.MACRO __POINTWRMN
                 	LDI  R@0,LOW(@2+(@3))
                 	LDI  R@1,HIGH(@2+(@3))
                 	.ENDM
                 
                 	.MACRO __POINTWRFN
                 	LDI  R@0,LOW(@2*2+(@3))
                 	LDI  R@1,HIGH(@2*2+(@3))
                 	.ENDM
                 
                 	.MACRO __GETD1N
                 	LDI  R30,LOW(@0)
                 	LDI  R31,HIGH(@0)
                 	LDI  R22,BYTE3(@0)
                 	LDI  R23,BYTE4(@0)
                 	.ENDM
                 
                 	.MACRO __GETD2N
                 	LDI  R26,LOW(@0)
                 	LDI  R27,HIGH(@0)
                 	LDI  R24,BYTE3(@0)
                 	LDI  R25,BYTE4(@0)
                 	.ENDM
                 
                 	.MACRO __GETB1MN
                 	LDS  R30,@0+(@1)
                 	.ENDM
                 
                 	.MACRO __GETB1HMN
                 	LDS  R31,@0+(@1)
                 	.ENDM
                 
                 	.MACRO __GETW1MN
                 	LDS  R30,@0+(@1)
                 	LDS  R31,@0+(@1)+1
                 	.ENDM
                 
                 	.MACRO __GETD1MN
                 	LDS  R30,@0+(@1)
                 	LDS  R31,@0+(@1)+1
                 	LDS  R22,@0+(@1)+2
                 	LDS  R23,@0+(@1)+3
                 	.ENDM
                 
                 	.MACRO __GETBRMN
                 	LDS  R@0,@1+(@2)
                 	.ENDM
                 
                 	.MACRO __GETWRMN
                 	LDS  R@0,@2+(@3)
                 	LDS  R@1,@2+(@3)+1
                 	.ENDM
                 
                 	.MACRO __GETWRZ
                 	LDD  R@0,Z+@2
                 	LDD  R@1,Z+@2+1
                 	.ENDM
                 
                 	.MACRO __GETD2Z
                 	LDD  R26,Z+@0
                 	LDD  R27,Z+@0+1
                 	LDD  R24,Z+@0+2
                 	LDD  R25,Z+@0+3
                 	.ENDM
                 
                 	.MACRO __GETB2MN
                 	LDS  R26,@0+(@1)
                 	.ENDM
                 
                 	.MACRO __GETW2MN
                 	LDS  R26,@0+(@1)
                 	LDS  R27,@0+(@1)+1
                 	.ENDM
                 
                 	.MACRO __GETD2MN
                 	LDS  R26,@0+(@1)
                 	LDS  R27,@0+(@1)+1
                 	LDS  R24,@0+(@1)+2
                 	LDS  R25,@0+(@1)+3
                 	.ENDM
                 
                 	.MACRO __PUTB1MN
                 	STS  @0+(@1),R30
                 	.ENDM
                 
                 	.MACRO __PUTW1MN
                 	STS  @0+(@1),R30
                 	STS  @0+(@1)+1,R31
                 	.ENDM
                 
                 	.MACRO __PUTD1MN
                 	STS  @0+(@1),R30
                 	STS  @0+(@1)+1,R31
                 	STS  @0+(@1)+2,R22
                 	STS  @0+(@1)+3,R23
                 	.ENDM
                 
                 	.MACRO __PUTB1EN
                 	LDI  R26,LOW(@0+(@1))
                 	LDI  R27,HIGH(@0+(@1))
                 	CALL __EEPROMWRB
                 	.ENDM
                 
                 	.MACRO __PUTW1EN
                 	LDI  R26,LOW(@0+(@1))
                 	LDI  R27,HIGH(@0+(@1))
                 	CALL __EEPROMWRW
                 	.ENDM
                 
                 	.MACRO __PUTD1EN
                 	LDI  R26,LOW(@0+(@1))
                 	LDI  R27,HIGH(@0+(@1))
                 	CALL __EEPROMWRD
                 	.ENDM
                 
                 	.MACRO __PUTBR0MN
                 	STS  @0+(@1),R0
                 	.ENDM
                 
                 	.MACRO __PUTBMRN
                 	STS  @0+(@1),R@2
                 	.ENDM
                 
                 	.MACRO __PUTWMRN
                 	STS  @0+(@1),R@2
                 	STS  @0+(@1)+1,R@3
                 	.ENDM
                 
                 	.MACRO __PUTBZR
                 	STD  Z+@1,R@0
                 	.ENDM
                 
                 	.MACRO __PUTWZR
                 	STD  Z+@2,R@0
                 	STD  Z+@2+1,R@1
                 	.ENDM
                 
                 	.MACRO __GETW1R
                 	MOV  R30,R@0
                 	MOV  R31,R@1
                 	.ENDM
                 
                 	.MACRO __GETW2R
                 	MOV  R26,R@0
                 	MOV  R27,R@1
                 	.ENDM
                 
                 	.MACRO __GETWRN
                 	LDI  R@0,LOW(@2)
                 	LDI  R@1,HIGH(@2)
                 	.ENDM
                 
                 	.MACRO __PUTW1R
                 	MOV  R@0,R30
                 	MOV  R@1,R31
                 	.ENDM
                 
                 	.MACRO __PUTW2R
                 	MOV  R@0,R26
                 	MOV  R@1,R27
                 	.ENDM
                 
                 	.MACRO __ADDWRN
                 	SUBI R@0,LOW(-@2)
                 	SBCI R@1,HIGH(-@2)
                 	.ENDM
                 
                 	.MACRO __ADDWRR
                 	ADD  R@0,R@2
                 	ADC  R@1,R@3
                 	.ENDM
                 
                 	.MACRO __SUBWRN
                 	SUBI R@0,LOW(@2)
                 	SBCI R@1,HIGH(@2)
                 	.ENDM
                 
                 	.MACRO __SUBWRR
                 	SUB  R@0,R@2
                 	SBC  R@1,R@3
                 	.ENDM
                 
                 	.MACRO __ANDWRN
                 	ANDI R@0,LOW(@2)
                 	ANDI R@1,HIGH(@2)
                 	.ENDM
                 
                 	.MACRO __ANDWRR
                 	AND  R@0,R@2
                 	AND  R@1,R@3
                 	.ENDM
                 
                 	.MACRO __ORWRN
                 	ORI  R@0,LOW(@2)
                 	ORI  R@1,HIGH(@2)
                 	.ENDM
                 
                 	.MACRO __ORWRR
                 	OR   R@0,R@2
                 	OR   R@1,R@3
                 	.ENDM
                 
                 	.MACRO __EORWRR
                 	EOR  R@0,R@2
                 	EOR  R@1,R@3
                 	.ENDM
                 
                 	.MACRO __GETWRS
                 	LDD  R@0,Y+@2
                 	LDD  R@1,Y+@2+1
                 	.ENDM
                 
                 	.MACRO __PUTBSR
                 	STD  Y+@1,R@0
                 	.ENDM
                 
                 	.MACRO __PUTWSR
                 	STD  Y+@2,R@0
                 	STD  Y+@2+1,R@1
                 	.ENDM
                 
                 	.MACRO __MOVEWRR
                 	MOV  R@0,R@2
                 	MOV  R@1,R@3
                 	.ENDM
                 
                 	.MACRO __INWR
                 	IN   R@0,@2
                 	IN   R@1,@2+1
                 	.ENDM
                 
                 	.MACRO __OUTWR
                 	OUT  @2+1,R@1
                 	OUT  @2,R@0
                 	.ENDM
                 
                 	.MACRO __CALL1MN
                 	LDS  R30,@0+(@1)
                 	LDS  R31,@0+(@1)+1
                 	ICALL
                 	.ENDM
                 
                 	.MACRO __CALL1FN
                 	LDI  R30,LOW(2*@0+(@1))
                 	LDI  R31,HIGH(2*@0+(@1))
                 	CALL __GETW1PF
                 	ICALL
                 	.ENDM
                 
                 	.MACRO __CALL2EN
                 	PUSH R26
                 	PUSH R27
                 	LDI  R26,LOW(@0+(@1))
                 	LDI  R27,HIGH(@0+(@1))
                 	CALL __EEPROMRDW
                 	POP  R27
                 	POP  R26
                 	ICALL
                 	.ENDM
                 
                 	.MACRO __CALL2EX
                 	SUBI R26,LOW(-@0)
                 	SBCI R27,HIGH(-@0)
                 	CALL __EEPROMRDD
                 	ICALL
                 	.ENDM
                 
                 	.MACRO __GETW1STACK
                 	IN   R30,SPL
                 	IN   R31,SPH
                 	ADIW R30,@0+1
                 	LD   R0,Z+
                 	LD   R31,Z
                 	MOV  R30,R0
                 	.ENDM
                 
                 	.MACRO __GETD1STACK
                 	IN   R30,SPL
                 	IN   R31,SPH
                 	ADIW R30,@0+1
                 	LD   R0,Z+
                 	LD   R1,Z+
                 	LD   R22,Z
                 	MOVW R30,R0
                 	.ENDM
                 
                 	.MACRO __NBST
                 	BST  R@0,@1
                 	IN   R30,SREG
                 	LDI  R31,0x40
                 	EOR  R30,R31
                 	OUT  SREG,R30
                 	.ENDM
                 
                 
                 	.MACRO __PUTB1SN
                 	LDD  R26,Y+@0
                 	LDD  R27,Y+@0+1
                 	SUBI R26,LOW(-@1)
                 	SBCI R27,HIGH(-@1)
                 	ST   X,R30
                 	.ENDM
                 
                 	.MACRO __PUTW1SN
                 	LDD  R26,Y+@0
                 	LDD  R27,Y+@0+1
                 	SUBI R26,LOW(-@1)
                 	SBCI R27,HIGH(-@1)
                 	ST   X+,R30
                 	ST   X,R31
                 	.ENDM
                 
                 	.MACRO __PUTD1SN
                 	LDD  R26,Y+@0
                 	LDD  R27,Y+@0+1
                 	SUBI R26,LOW(-@1)
                 	SBCI R27,HIGH(-@1)
                 	ST   X+,R30
                 	ST   X+,R31
                 	ST   X+,R22
                 	ST   X,R23
                 	.ENDM
                 
                 	.MACRO __PUTB1SNS
                 	LDD  R26,Y+@0
                 	LDD  R27,Y+@0+1
                 	ADIW R26,@1
                 	ST   X,R30
                 	.ENDM
                 
                 	.MACRO __PUTW1SNS
                 	LDD  R26,Y+@0
                 	LDD  R27,Y+@0+1
                 	ADIW R26,@1
                 	ST   X+,R30
                 	ST   X,R31
                 	.ENDM
                 
                 	.MACRO __PUTD1SNS
                 	LDD  R26,Y+@0
                 	LDD  R27,Y+@0+1
                 	ADIW R26,@1
                 	ST   X+,R30
                 	ST   X+,R31
                 	ST   X+,R22
                 	ST   X,R23
                 	.ENDM
                 
                 	.MACRO __PUTB1PMN
                 	LDS  R26,@0
                 	LDS  R27,@0+1
                 	SUBI R26,LOW(-@1)
                 	SBCI R27,HIGH(-@1)
                 	ST   X,R30
                 	.ENDM
                 
                 	.MACRO __PUTW1PMN
                 	LDS  R26,@0
                 	LDS  R27,@0+1
                 	SUBI R26,LOW(-@1)
                 	SBCI R27,HIGH(-@1)
                 	ST   X+,R30
                 	ST   X,R31
                 	.ENDM
                 
                 	.MACRO __PUTD1PMN
                 	LDS  R26,@0
                 	LDS  R27,@0+1
                 	SUBI R26,LOW(-@1)
                 	SBCI R27,HIGH(-@1)
                 	ST   X+,R30
                 	ST   X+,R31
                 	ST   X+,R22
                 	ST   X,R23
                 	.ENDM
                 
                 	.MACRO __PUTB1PMNS
                 	LDS  R26,@0
                 	LDS  R27,@0+1
                 	ADIW R26,@1
                 	ST   X,R30
                 	.ENDM
                 
                 	.MACRO __PUTW1PMNS
                 	LDS  R26,@0
                 	LDS  R27,@0+1
                 	ADIW R26,@1
                 	ST   X+,R30
                 	ST   X,R31
                 	.ENDM
                 
                 	.MACRO __PUTD1PMNS
                 	LDS  R26,@0
                 	LDS  R27,@0+1
                 	ADIW R26,@1
                 	ST   X+,R30
                 	ST   X+,R31
                 	ST   X+,R22
                 	ST   X,R23
                 	.ENDM
                 
                 	.MACRO __PUTB1RN
                 	MOVW R26,R@0
                 	SUBI R26,LOW(-@1)
                 	SBCI R27,HIGH(-@1)
                 	ST   X,R30
                 	.ENDM
                 
                 	.MACRO __PUTW1RN
                 	MOVW R26,R@0
                 	SUBI R26,LOW(-@1)
                 	SBCI R27,HIGH(-@1)
                 	ST   X+,R30
                 	ST   X,R31
                 	.ENDM
                 
                 	.MACRO __PUTD1RN
                 	MOVW R26,R@0
                 	SUBI R26,LOW(-@1)
                 	SBCI R27,HIGH(-@1)
                 	ST   X+,R30
                 	ST   X+,R31
                 	ST   X+,R22
                 	ST   X,R23
                 	.ENDM
                 
                 	.MACRO __PUTB1RNS
                 	MOVW R26,R@0
                 	ADIW R26,@1
                 	ST   X,R30
                 	.ENDM
                 
                 	.MACRO __PUTW1RNS
                 	MOVW R26,R@0
                 	ADIW R26,@1
                 	ST   X+,R30
                 	ST   X,R31
                 	.ENDM
                 
                 	.MACRO __PUTD1RNS
                 	MOVW R26,R@0
                 	ADIW R26,@1
                 	ST   X+,R30
                 	ST   X+,R31
                 	ST   X+,R22
                 	ST   X,R23
                 	.ENDM
                 
                 	.MACRO __PUTB1RON
                 	MOV  R26,R@0
                 	MOV  R27,R@1
                 	SUBI R26,LOW(-@2)
                 	SBCI R27,HIGH(-@2)
                 	ST   X,R30
                 	.ENDM
                 
                 	.MACRO __PUTW1RON
                 	MOV  R26,R@0
                 	MOV  R27,R@1
                 	SUBI R26,LOW(-@2)
                 	SBCI R27,HIGH(-@2)
                 	ST   X+,R30
                 	ST   X,R31
                 	.ENDM
                 
                 	.MACRO __PUTD1RON
                 	MOV  R26,R@0
                 	MOV  R27,R@1
                 	SUBI R26,LOW(-@2)
                 	SBCI R27,HIGH(-@2)
                 	ST   X+,R30
                 	ST   X+,R31
                 	ST   X+,R22
                 	ST   X,R23
                 	.ENDM
                 
                 	.MACRO __PUTB1RONS
                 	MOV  R26,R@0
                 	MOV  R27,R@1
                 	ADIW R26,@2
                 	ST   X,R30
                 	.ENDM
                 
                 	.MACRO __PUTW1RONS
                 	MOV  R26,R@0
                 	MOV  R27,R@1
                 	ADIW R26,@2
                 	ST   X+,R30
                 	ST   X,R31
                 	.ENDM
                 
                 	.MACRO __PUTD1RONS
                 	MOV  R26,R@0
                 	MOV  R27,R@1
                 	ADIW R26,@2
                 	ST   X+,R30
                 	ST   X+,R31
                 	ST   X+,R22
                 	ST   X,R23
                 	.ENDM
                 
                 
                 	.MACRO __GETB1SX
                 	MOVW R30,R28
                 	SUBI R30,LOW(-@0)
                 	SBCI R31,HIGH(-@0)
                 	LD   R30,Z
                 	.ENDM
                 
                 	.MACRO __GETB1HSX
                 	MOVW R30,R28
                 	SUBI R30,LOW(-@0)
                 	SBCI R31,HIGH(-@0)
                 	LD   R31,Z
                 	.ENDM
                 
                 	.MACRO __GETW1SX
                 	MOVW R30,R28
                 	SUBI R30,LOW(-@0)
                 	SBCI R31,HIGH(-@0)
                 	CALL __GETW1Z
                 	.ENDM
                 
                 	.MACRO __GETD1SX
                 	MOVW R30,R28
                 	SUBI R30,LOW(-@0)
                 	SBCI R31,HIGH(-@0)
                 	CALL __GETD1Z
                 	.ENDM
                 
                 	.MACRO __GETB2SX
                 	MOVW R26,R28
                 	SUBI R26,LOW(-@0)
                 	SBCI R27,HIGH(-@0)
                 	LD   R26,X
                 	.ENDM
                 
                 	.MACRO __GETW2SX
                 	MOVW R26,R28
                 	SUBI R26,LOW(-@0)
                 	SBCI R27,HIGH(-@0)
                 	CALL __GETW2X
                 	.ENDM
                 
                 	.MACRO __GETD2SX
                 	MOVW R26,R28
                 	SUBI R26,LOW(-@0)
                 	SBCI R27,HIGH(-@0)
                 	CALL __GETD2X
                 	.ENDM
                 
                 	.MACRO __GETBRSX
                 	MOVW R30,R28
                 	SUBI R30,LOW(-@1)
                 	SBCI R31,HIGH(-@1)
                 	LD   R@0,Z
                 	.ENDM
                 
                 	.MACRO __GETWRSX
                 	MOVW R30,R28
                 	SUBI R30,LOW(-@2)
                 	SBCI R31,HIGH(-@2)
                 	LD   R@0,Z+
                 	LD   R@1,Z
                 	.ENDM
                 
                 	.MACRO __GETBRSX2
                 	MOVW R26,R28
                 	SUBI R26,LOW(-@1)
                 	SBCI R27,HIGH(-@1)
                 	LD   R@0,X
                 	.ENDM
                 
                 	.MACRO __GETWRSX2
                 	MOVW R26,R28
                 	SUBI R26,LOW(-@2)
                 	SBCI R27,HIGH(-@2)
                 	LD   R@0,X+
                 	LD   R@1,X
                 	.ENDM
                 
                 	.MACRO __LSLW8SX
                 	MOVW R30,R28
                 	SUBI R30,LOW(-@0)
                 	SBCI R31,HIGH(-@0)
                 	LD   R31,Z
                 	CLR  R30
                 	.ENDM
                 
                 	.MACRO __PUTB1SX
                 	MOVW R26,R28
                 	SUBI R26,LOW(-@0)
                 	SBCI R27,HIGH(-@0)
                 	ST   X,R30
                 	.ENDM
                 
                 	.MACRO __PUTW1SX
                 	MOVW R26,R28
                 	SUBI R26,LOW(-@0)
                 	SBCI R27,HIGH(-@0)
                 	ST   X+,R30
                 	ST   X,R31
                 	.ENDM
                 
                 	.MACRO __PUTD1SX
                 	MOVW R26,R28
                 	SUBI R26,LOW(-@0)
                 	SBCI R27,HIGH(-@0)
                 	ST   X+,R30
                 	ST   X+,R31
                 	ST   X+,R22
                 	ST   X,R23
                 	.ENDM
                 
                 	.MACRO __CLRW1SX
                 	MOVW R26,R28
                 	SUBI R26,LOW(-@0)
                 	SBCI R27,HIGH(-@0)
                 	ST   X+,R30
                 	ST   X,R30
                 	.ENDM
                 
                 	.MACRO __CLRD1SX
                 	MOVW R26,R28
                 	SUBI R26,LOW(-@0)
                 	SBCI R27,HIGH(-@0)
                 	ST   X+,R30
                 	ST   X+,R30
                 	ST   X+,R30
                 	ST   X,R30
                 	.ENDM
                 
                 	.MACRO __PUTB2SX
                 	MOVW R30,R28
                 	SUBI R30,LOW(-@0)
                 	SBCI R31,HIGH(-@0)
                 	ST   Z,R26
                 	.ENDM
                 
                 	.MACRO __PUTW2SX
                 	MOVW R30,R28
                 	SUBI R30,LOW(-@0)
                 	SBCI R31,HIGH(-@0)
                 	ST   Z+,R26
                 	ST   Z,R27
                 	.ENDM
                 
                 	.MACRO __PUTD2SX
                 	MOVW R30,R28
                 	SUBI R30,LOW(-@0)
                 	SBCI R31,HIGH(-@0)
                 	ST   Z+,R26
                 	ST   Z+,R27
                 	ST   Z+,R24
                 	ST   Z,R25
                 	.ENDM
                 
                 	.MACRO __PUTBSRX
                 	MOVW R30,R28
                 	SUBI R30,LOW(-@1)
                 	SBCI R31,HIGH(-@1)
                 	ST   Z,R@0
                 	.ENDM
                 
                 	.MACRO __PUTWSRX
                 	MOVW R30,R28
                 	SUBI R30,LOW(-@2)
                 	SBCI R31,HIGH(-@2)
                 	ST   Z+,R@0
                 	ST   Z,R@1
                 	.ENDM
                 
                 	.MACRO __PUTB1SNX
                 	MOVW R26,R28
                 	SUBI R26,LOW(-@0)
                 	SBCI R27,HIGH(-@0)
                 	LD   R0,X+
                 	LD   R27,X
                 	MOV  R26,R0
                 	SUBI R26,LOW(-@1)
                 	SBCI R27,HIGH(-@1)
                 	ST   X,R30
                 	.ENDM
                 
                 	.MACRO __PUTW1SNX
                 	MOVW R26,R28
                 	SUBI R26,LOW(-@0)
                 	SBCI R27,HIGH(-@0)
                 	LD   R0,X+
                 	LD   R27,X
                 	MOV  R26,R0
                 	SUBI R26,LOW(-@1)
                 	SBCI R27,HIGH(-@1)
                 	ST   X+,R30
                 	ST   X,R31
                 	.ENDM
                 
                 	.MACRO __PUTD1SNX
                 	MOVW R26,R28
                 	SUBI R26,LOW(-@0)
                 	SBCI R27,HIGH(-@0)
                 	LD   R0,X+
                 	LD   R27,X
                 	MOV  R26,R0
                 	SUBI R26,LOW(-@1)
                 	SBCI R27,HIGH(-@1)
                 	ST   X+,R30
                 	ST   X+,R31
                 	ST   X+,R22
                 	ST   X,R23
                 	.ENDM
                 
                 	.MACRO __MULBRR
                 	MULS R@0,R@1
                 	MOVW R30,R0
                 	.ENDM
                 
                 	.MACRO __MULBRRU
                 	MUL  R@0,R@1
                 	MOVW R30,R0
                 	.ENDM
                 
                 	.MACRO __MULBRR0
                 	MULS R@0,R@1
                 	.ENDM
                 
                 	.MACRO __MULBRRU0
                 	MUL  R@0,R@1
                 	.ENDM
                 
                 	.MACRO __MULBNWRU
                 	LDI  R26,@2
                 	MUL  R26,R@0
                 	MOVW R30,R0
                 	MUL  R26,R@1
                 	ADD  R31,R0
                 	.ENDM
                 
                 ;NAME DEFINITIONS FOR GLOBAL VARIABLES ALLOCATED TO REGISTERS
                 	.DEF _T=R4
                 	.DEF _T_msb=R5
                 	.DEF __lcd_x=R7
                 	.DEF __lcd_y=R6
                 	.DEF __lcd_maxx=R9
                 
                 	.CSEG
                 	.ORG 0x00
                 
                 ;START OF CODE MARKER
                 __START_OF_CODE:
                 
                 ;INTERRUPT VECTORS
000000 940c 0061 	JMP  __RESET
000002 940c 0000 	JMP  0x00
000004 940c 0000 	JMP  0x00
000006 940c 0000 	JMP  0x00
000008 940c 0000 	JMP  0x00
00000a 940c 0000 	JMP  0x00
00000c 940c 0000 	JMP  0x00
00000e 940c 0000 	JMP  0x00
000010 940c 0000 	JMP  0x00
000012 940c 0000 	JMP  0x00
000014 940c 0000 	JMP  0x00
000016 940c 0000 	JMP  0x00
000018 940c 0000 	JMP  0x00
00001a 940c 0000 	JMP  0x00
00001c 940c 0000 	JMP  0x00
00001e 940c 0000 	JMP  0x00
000020 940c 0000 	JMP  0x00
000022 940c 0000 	JMP  0x00
000024 940c 0000 	JMP  0x00
000026 940c 0000 	JMP  0x00
000028 940c 0000 	JMP  0x00
                 
                 _tbl10_G102:
00002a 2710
00002b 03e8
00002c 0064
00002d 000a      	.DB  0x10,0x27,0xE8,0x3,0x64,0x0,0xA,0x0
00002e 0001      	.DB  0x1,0x0
                 _tbl16_G102:
00002f 1000
000030 0100
000031 0010
000032 0001      	.DB  0x0,0x10,0x0,0x1,0x10,0x0,0x1,0x0
                 
                 _0x0:
000033 6554
000034 706d
000035 6920
000036 2073      	.DB  0x54,0x65,0x6D,0x70,0x20,0x69,0x73,0x20
000037 6f4c
000038 2077
000039 203a
00003a 3025      	.DB  0x4C,0x6F,0x77,0x20,0x3A,0x20,0x25,0x30
00003b 7532
00003c 5400
00003d 6d65
00003e 2070      	.DB  0x32,0x75,0x0,0x54,0x65,0x6D,0x70,0x20
00003f 7369
000040 4d20
000041 646f
000042 7265      	.DB  0x69,0x73,0x20,0x4D,0x6F,0x64,0x65,0x72
000043 7461
000044 2065
000045 203a
000046 3025      	.DB  0x61,0x74,0x65,0x20,0x3A,0x20,0x25,0x30
000047 7532
000048 5400
000049 6d65
00004a 2070      	.DB  0x32,0x75,0x0,0x54,0x65,0x6D,0x70,0x20
00004b 7369
00004c 4820
00004d 6769
00004e 2068      	.DB  0x69,0x73,0x20,0x48,0x69,0x67,0x68,0x20
00004f 203a
000050 3025
000051 7532
\\Mac\Home\Desktop\HanieVatani-exe4\Debug\List\exe4.asm(1463): warning: .cseg .db misalignment - padding zero byte
000052 0000      	.DB  0x3A,0x20,0x25,0x30,0x32,0x75,0x0
                 _0x2000003:
000053 c080      	.DB  0x80,0xC0
                 _0x2020060:
\\Mac\Home\Desktop\HanieVatani-exe4\Debug\List\exe4.asm(1467): warning: .cseg .db misalignment - padding zero byte
000054 0001      	.DB  0x1
                 _0x2020000:
000055 4e2d
000056 4e41
000057 4900
000058 464e      	.DB  0x2D,0x4E,0x41,0x4E,0x0,0x49,0x4E,0x46
\\Mac\Home\Desktop\HanieVatani-exe4\Debug\List\exe4.asm(1470): warning: .cseg .db misalignment - padding zero byte
000059 0000      	.DB  0x0
                 
                 __GLOBAL_INI_TBL:
00005a 0002      	.DW  0x02
00005b 0161      	.DW  __base_y_G100
00005c 00a6      	.DW  _0x2000003*2
                 
00005d 0001      	.DW  0x01
00005e 0165      	.DW  __seed_G101
00005f 00a8      	.DW  _0x2020060*2
                 
                 _0xFFFFFFFF:
000060 0000      	.DW  0
                 
                 #define __GLOBAL_INI_TBL_PRESENT 1
                 
                 __RESET:
000061 94f8      	CLI
000062 27ee      	CLR  R30
000063 bbec      	OUT  EECR,R30
                 
                 ;INTERRUPT VECTORS ARE PLACED
                 ;AT THE START OF FLASH
000064 e0f1      	LDI  R31,1
000065 bffb      	OUT  GICR,R31
000066 bfeb      	OUT  GICR,R30
000067 bfe5      	OUT  MCUCR,R30
                 
                 ;CLEAR R2-R14
000068 e08d      	LDI  R24,(14-2)+1
000069 e0a2      	LDI  R26,2
00006a 27bb      	CLR  R27
                 __CLEAR_REG:
00006b 93ed      	ST   X+,R30
00006c 958a      	DEC  R24
00006d f7e9      	BRNE __CLEAR_REG
                 
                 ;CLEAR SRAM
00006e e080      	LDI  R24,LOW(__CLEAR_SRAM_SIZE)
00006f e094      	LDI  R25,HIGH(__CLEAR_SRAM_SIZE)
000070 e6a0      	LDI  R26,__SRAM_START
                 __CLEAR_SRAM:
000071 93ed      	ST   X+,R30
000072 9701      	SBIW R24,1
000073 f7e9      	BRNE __CLEAR_SRAM
                 
                 ;GLOBAL VARIABLES INITIALIZATION
000074 ebe4      	LDI  R30,LOW(__GLOBAL_INI_TBL*2)
000075 e0f0      	LDI  R31,HIGH(__GLOBAL_INI_TBL*2)
                 __GLOBAL_INI_NEXT:
000076 9185      	LPM  R24,Z+
000077 9195      	LPM  R25,Z+
000078 9700      	SBIW R24,0
000079 f061      	BREQ __GLOBAL_INI_END
00007a 91a5      	LPM  R26,Z+
00007b 91b5      	LPM  R27,Z+
00007c 9005      	LPM  R0,Z+
00007d 9015      	LPM  R1,Z+
00007e 01bf      	MOVW R22,R30
00007f 01f0      	MOVW R30,R0
                 __GLOBAL_INI_LOOP:
000080 9005      	LPM  R0,Z+
000081 920d      	ST   X+,R0
000082 9701      	SBIW R24,1
000083 f7e1      	BRNE __GLOBAL_INI_LOOP
000084 01fb      	MOVW R30,R22
000085 cff0      	RJMP __GLOBAL_INI_NEXT
                 __GLOBAL_INI_END:
                 
                 ;HARDWARE STACK POINTER INITIALIZATION
000086 e5ef      	LDI  R30,LOW(__SRAM_END-__HEAP_SIZE)
000087 bfed      	OUT  SPL,R30
000088 e0e4      	LDI  R30,HIGH(__SRAM_END-__HEAP_SIZE)
000089 bfee      	OUT  SPH,R30
                 
                 ;DATA STACK POINTER INITIALIZATION
00008a e6c0      	LDI  R28,LOW(__SRAM_START+__DSTACK_SIZE)
00008b e0d1      	LDI  R29,HIGH(__SRAM_START+__DSTACK_SIZE)
                 
00008c 940c 0096 	JMP  _main
                 
                 	.ESEG
                 	.ORG 0x00
                 
                 	.DSEG
                 	.ORG 0x160
                 
                 	.CSEG
                 	#ifndef __SLEEP_DEFINED__
                 	#define __SLEEP_DEFINED__
                 	.EQU __se_bit=0x40
                 	.EQU __sm_mask=0xB0
                 	.EQU __sm_powerdown=0x20
                 	.EQU __sm_powersave=0x30
                 	.EQU __sm_standby=0xA0
                 	.EQU __sm_ext_standby=0xB0
                 	.EQU __sm_adc_noise_red=0x10
                 	.SET power_ctrl_reg=mcucr
                 	#endif
                     .equ __lcd_port=0X18; //PORTB
                 ; 0000 0009 #endasm
                 ;int temp() {
                 ; 0000 000D int temp() {
                 
                 	.CSEG
                 _temp:
                 ; .FSTART _temp
                 ; 0000 000E ADCSRA = 0b11000000; //REGISTER
00008e ece0      	LDI  R30,LOW(192)
00008f b9e6      	OUT  0x6,R30
                 ; 0000 000F while (ADCSRA.4 == 0);
                 _0x3:
000090 9b34      	SBIS 0x6,4
000091 cffe      	RJMP _0x3
                 ; 0000 0010 ADCSRA.4 = 1;
000092 9a34      	SBI  0x6,4
                 ; 0000 0011 return ADCW;
000093 b1e4      	IN   R30,0x4
000094 b1f5      	IN   R31,0x4+1
000095 9508      	RET
                 ; 0000 0012 }
                 ; .FEND
                 ;void main(void)
                 ; 0000 0016 {
                 _main:
                 ; .FSTART _main
                 ; 0000 0017 DDRA = 0X00; //INPUT
000096 e0e0      	LDI  R30,LOW(0)
000097 bbea      	OUT  0x1A,R30
                 ; 0000 0018 PORTA = 0X00;
000098 bbeb      	OUT  0x1B,R30
                 ; 0000 0019 DDRC = 0XFF; //OUTPUT
000099 efef      	LDI  R30,LOW(255)
00009a bbe4      	OUT  0x14,R30
                 ; 0000 001A PORTC = 0X00;
00009b e0e0      	LDI  R30,LOW(0)
00009c bbe5      	OUT  0x15,R30
                 ; 0000 001B 
                 ; 0000 001C ADMUX = 0b11000000; //REGISTER
00009d ece0      	LDI  R30,LOW(192)
00009e b9e7      	OUT  0x7,R30
                 ; 0000 001D ADCSRA.6 = 1; //START
00009f 9a36      	SBI  0x6,6
                 ; 0000 001E 
                 ; 0000 001F lcd_init(25);
0000a0 e1a9      	LDI  R26,LOW(25)
0000a1 940e 018c 	CALL _lcd_init
                 ; 0000 0020 
                 ; 0000 0021 while (1)
                 _0xA:
                 ; 0000 0022 {
                 ; 0000 0023 T = temp() / 4;
0000a3 dfea      	RCALL _temp
0000a4 01df      	MOVW R26,R30
0000a5 e0e4      	LDI  R30,LOW(4)
0000a6 e0f0      	LDI  R31,HIGH(4)
0000a7 940e 03eb 	CALL __DIVW21
0000a9 012f      	MOVW R4,R30
                 ; 0000 0024 if (T < 20) {
0000aa e1e4      	LDI  R30,LOW(20)
0000ab e0f0      	LDI  R31,HIGH(20)
0000ac 164e      	CP   R4,R30
0000ad 065f      	CPC  R5,R31
0000ae f45c      	BRGE _0xD
                 ; 0000 0025 sprintf(str1, "Temp is Low : %02u", T);
0000af 940e 0389 	CALL SUBOPT_0x0
                +
0000b1 e6e6     +LDI R30 , LOW ( 2 * _0x0 + ( 0 ) )
0000b2 e0f0     +LDI R31 , HIGH ( 2 * _0x0 + ( 0 ) )
                 	__POINTW1FN _0x0,0
0000b3 940e 038e 	CALL SUBOPT_0x1
                 ; 0000 0026 PORTC.0 = 1; //BLUE LED
0000b5 9aa8      	SBI  0x15,0
                 ; 0000 0027 delay_ms(25);
0000b6 940e 039c 	CALL SUBOPT_0x2
                 ; 0000 0028 PORTC.0 = 0;
0000b8 98a8      	CBI  0x15,0
                 ; 0000 0029 }
                 ; 0000 002A else if (T > 20 && T < 30) {
0000b9 c025      	RJMP _0x12
                 _0xD:
0000ba e1e4      	LDI  R30,LOW(20)
0000bb e0f0      	LDI  R31,HIGH(20)
0000bc 15e4      	CP   R30,R4
0000bd 05f5      	CPC  R31,R5
0000be f42c      	BRGE _0x14
0000bf e1ee      	LDI  R30,LOW(30)
0000c0 e0f0      	LDI  R31,HIGH(30)
0000c1 164e      	CP   R4,R30
0000c2 065f      	CPC  R5,R31
0000c3 f00c      	BRLT _0x15
                 _0x14:
0000c4 c00b      	RJMP _0x13
                 _0x15:
                 ; 0000 002B sprintf(str1, "Temp is Moderate : %02u", T);
0000c5 940e 0389 	CALL SUBOPT_0x0
                +
0000c7 e7e9     +LDI R30 , LOW ( 2 * _0x0 + ( 19 ) )
0000c8 e0f0     +LDI R31 , HIGH ( 2 * _0x0 + ( 19 ) )
                 	__POINTW1FN _0x0,19
0000c9 940e 038e 	CALL SUBOPT_0x1
                 ; 0000 002C PORTC.1 = 1; //GREEN LED
0000cb 9aa9      	SBI  0x15,1
                 ; 0000 002D delay_ms(25);
0000cc 940e 039c 	CALL SUBOPT_0x2
                 ; 0000 002E PORTC.1 = 0;
0000ce 98a9      	CBI  0x15,1
                 ; 0000 002F }
                 ; 0000 0030 else if (T > 30) {
0000cf c00f      	RJMP _0x1A
                 _0x13:
0000d0 e1ee      	LDI  R30,LOW(30)
0000d1 e0f0      	LDI  R31,HIGH(30)
0000d2 15e4      	CP   R30,R4
0000d3 05f5      	CPC  R31,R5
0000d4 f454      	BRGE _0x1B
                 ; 0000 0031 sprintf(str1, "Temp is High : %02u", T);
0000d5 940e 0389 	CALL SUBOPT_0x0
                +
0000d7 e9e1     +LDI R30 , LOW ( 2 * _0x0 + ( 43 ) )
0000d8 e0f0     +LDI R31 , HIGH ( 2 * _0x0 + ( 43 ) )
                 	__POINTW1FN _0x0,43
0000d9 940e 038e 	CALL SUBOPT_0x1
                 ; 0000 0032 PORTC.2 = 1; //RED LED
0000db 9aaa      	SBI  0x15,2
                 ; 0000 0033 delay_ms(25);
0000dc 940e 039c 	CALL SUBOPT_0x2
                 ; 0000 0034 PORTC.2 = 0;
0000de 98aa      	CBI  0x15,2
                 ; 0000 0035 }
                 ; 0000 0036 lcd_puts(str1);
                 _0x1B:
                 _0x1A:
                 _0x12:
0000df e6a0      	LDI  R26,LOW(_str1)
0000e0 e0b1      	LDI  R27,HIGH(_str1)
0000e1 940e 016a 	CALL _lcd_puts
                 ; 0000 0037 delay_ms(100);
0000e3 e6a4      	LDI  R26,LOW(100)
0000e4 e0b0      	LDI  R27,0
0000e5 940e 0407 	CALL _delay_ms
                 ; 0000 0038 lcd_clear();
0000e7 940e 013d 	CALL _lcd_clear
                 ; 0000 0039 PORTC = 0b00000000; //OFF
0000e9 e0e0      	LDI  R30,LOW(0)
0000ea bbe5      	OUT  0x15,R30
                 ; 0000 003A }
0000eb cfb7      	RJMP _0xA
                 ; 0000 003B }
                 _0x20:
0000ec cfff      	RJMP _0x20
                 ; .FEND
                 	#ifndef __SLEEP_DEFINED__
                 	#endif
                     .equ __lcd_direction=__lcd_port-1
                     .equ __lcd_pin=__lcd_port-2
                     .equ __lcd_rs=0
                     .equ __lcd_rd=1
                     .equ __lcd_enable=2
                     .equ __lcd_busy_flag=7
                 
                 	.DSEG
                 
                 	.CSEG
                 __lcd_delay_G100:
                 ; .FSTART __lcd_delay_G100
0000ed e0ff          ldi   r31,15
                 __lcd_delay0:
0000ee 95fa          dec   r31
0000ef f7f1          brne  __lcd_delay0
0000f0 9508      	RET
                 ; .FEND
                 __lcd_ready:
                 ; .FSTART __lcd_ready
0000f1 b3a7          in    r26,__lcd_direction
0000f2 70af          andi  r26,0xf                 ;set as input
0000f3 bba7          out   __lcd_direction,r26
0000f4 9ac1          sbi   __lcd_port,__lcd_rd     ;RD=1
0000f5 98c0          cbi   __lcd_port,__lcd_rs     ;RS=0
                 __lcd_busy:
0000f6 dff6      	RCALL __lcd_delay_G100
0000f7 9ac2          sbi   __lcd_port,__lcd_enable ;EN=1
0000f8 dff4      	RCALL __lcd_delay_G100
0000f9 b3a6          in    r26,__lcd_pin
0000fa 98c2          cbi   __lcd_port,__lcd_enable ;EN=0
0000fb dff1      	RCALL __lcd_delay_G100
0000fc 9ac2          sbi   __lcd_port,__lcd_enable ;EN=1
0000fd dfef      	RCALL __lcd_delay_G100
0000fe 98c2          cbi   __lcd_port,__lcd_enable ;EN=0
0000ff fda7          sbrc  r26,__lcd_busy_flag
000100 cff5          rjmp  __lcd_busy
000101 9508      	RET
                 ; .FEND
                 __lcd_write_nibble_G100:
                 ; .FSTART __lcd_write_nibble_G100
000102 7fa0          andi  r26,0xf0
000103 2bab          or    r26,r27
000104 bba8          out   __lcd_port,r26          ;write
000105 9ac2          sbi   __lcd_port,__lcd_enable ;EN=1
000106 940e 00ed 	CALL __lcd_delay_G100
000108 98c2          cbi   __lcd_port,__lcd_enable ;EN=0
000109 940e 00ed 	CALL __lcd_delay_G100
00010b 9508      	RET
                 ; .FEND
                 __lcd_write_data:
                 ; .FSTART __lcd_write_data
00010c 93aa      	ST   -Y,R26
00010d 98c1          cbi  __lcd_port,__lcd_rd 	  ;RD=0
00010e b3a7          in    r26,__lcd_direction
00010f 6fa7          ori   r26,0xf0 | (1<<__lcd_rs) | (1<<__lcd_rd) | (1<<__lcd_enable) ;set as output
000110 bba7          out   __lcd_direction,r26
000111 b3b8          in    r27,__lcd_port
000112 70bf          andi  r27,0xf
000113 81a8          ld    r26,y
000114 dfed      	RCALL __lcd_write_nibble_G100
000115 81a8          ld    r26,y
000116 95a2          swap  r26
000117 dfea      	RCALL __lcd_write_nibble_G100
000118 9ac1          sbi   __lcd_port,__lcd_rd     ;RD=1
000119 940c 01bd 	JMP  _0x20C0002
                 ; .FEND
                 __lcd_read_nibble_G100:
                 ; .FSTART __lcd_read_nibble_G100
00011b 9ac2          sbi   __lcd_port,__lcd_enable ;EN=1
00011c 940e 00ed 	CALL __lcd_delay_G100
00011e b3e6          in    r30,__lcd_pin           ;read
00011f 98c2          cbi   __lcd_port,__lcd_enable ;EN=0
000120 940e 00ed 	CALL __lcd_delay_G100
000122 7fe0          andi  r30,0xf0
000123 9508      	RET
                 ; .FEND
                 _lcd_read_byte0_G100:
                 ; .FSTART _lcd_read_byte0_G100
000124 940e 00ed 	CALL __lcd_delay_G100
000126 dff4      	RCALL __lcd_read_nibble_G100
000127 2fae          mov   r26,r30
000128 dff2      	RCALL __lcd_read_nibble_G100
000129 98c1          cbi   __lcd_port,__lcd_rd     ;RD=0
00012a 95e2          swap  r30
00012b 2bea          or    r30,r26
00012c 9508      	RET
                 ; .FEND
                 _lcd_gotoxy:
                 ; .FSTART _lcd_gotoxy
00012d 93aa      	ST   -Y,R26
00012e 940e 00f1 	CALL __lcd_ready
000130 81e8      	LD   R30,Y
000131 e0f0      	LDI  R31,0
000132 59ef      	SUBI R30,LOW(-__base_y_G100)
000133 4ffe      	SBCI R31,HIGH(-__base_y_G100)
000134 81e0      	LD   R30,Z
000135 81a9      	LDD  R26,Y+1
000136 0fae      	ADD  R26,R30
000137 940e 010c 	CALL __lcd_write_data
000139 8079      	LDD  R7,Y+1
00013a 8068      	LDD  R6,Y+0
00013b 9622      	ADIW R28,2
00013c 9508      	RET
                 ; .FEND
                 _lcd_clear:
                 ; .FSTART _lcd_clear
00013d 940e 00f1 	CALL __lcd_ready
00013f e0a2      	LDI  R26,LOW(2)
000140 940e 010c 	CALL __lcd_write_data
000142 940e 00f1 	CALL __lcd_ready
000144 e0ac      	LDI  R26,LOW(12)
000145 940e 010c 	CALL __lcd_write_data
000147 940e 00f1 	CALL __lcd_ready
000149 e0a1      	LDI  R26,LOW(1)
00014a 940e 010c 	CALL __lcd_write_data
00014c e0e0      	LDI  R30,LOW(0)
00014d 2e6e      	MOV  R6,R30
00014e 2e7e      	MOV  R7,R30
00014f 9508      	RET
                 ; .FEND
                 _lcd_putchar:
                 ; .FSTART _lcd_putchar
000150 93aa      	ST   -Y,R26
000151 93ef          push r30
000152 93ff          push r31
000153 81a8          ld   r26,y
000154 9468          set
000155 30aa          cpi  r26,10
000156 f019          breq __lcd_putchar1
000157 94e8          clt
000158 1479      	CP   R7,R9
000159 f030      	BRLO _0x2000004
                 	__lcd_putchar1:
00015a 9463      	INC  R6
00015b e0e0      	LDI  R30,LOW(0)
00015c 93ea      	ST   -Y,R30
00015d 2da6      	MOV  R26,R6
00015e dfce      	RCALL _lcd_gotoxy
00015f f036      	brts __lcd_putchar0
                 _0x2000004:
000160 9473      	INC  R7
000161 df8f          rcall __lcd_ready
000162 9ac0          sbi  __lcd_port,__lcd_rs ;RS=1
000163 81a8      	LD   R26,Y
000164 940e 010c 	CALL __lcd_write_data
                 __lcd_putchar0:
000166 91ff          pop  r31
000167 91ef          pop  r30
000168 940c 01bd 	JMP  _0x20C0002
                 ; .FEND
                 _lcd_puts:
                 ; .FSTART _lcd_puts
00016a 93ba      	ST   -Y,R27
00016b 93aa      	ST   -Y,R26
00016c 931a      	ST   -Y,R17
                 _0x2000005:
00016d 81a9      	LDD  R26,Y+1
00016e 81ba      	LDD  R27,Y+1+1
00016f 91ed      	LD   R30,X+
000170 83a9      	STD  Y+1,R26
000171 83ba      	STD  Y+1+1,R27
000172 2f1e      	MOV  R17,R30
000173 30e0      	CPI  R30,0
000174 f019      	BREQ _0x2000007
000175 2fa1      	MOV  R26,R17
000176 dfd9      	RCALL _lcd_putchar
000177 cff5      	RJMP _0x2000005
                 _0x2000007:
000178 8118      	LDD  R17,Y+0
000179 9623      	ADIW R28,3
00017a 9508      	RET
                 ; .FEND
                 __long_delay_G100:
                 ; .FSTART __long_delay_G100
00017b 27aa          clr   r26
00017c 27bb          clr   r27
                 __long_delay0:
00017d 9711          sbiw  r26,1         ;2 cycles
00017e f7f1          brne  __long_delay0 ;2 cycles
00017f 9508      	RET
                 ; .FEND
                 __lcd_init_write_G100:
                 ; .FSTART __lcd_init_write_G100
000180 93aa      	ST   -Y,R26
000181 98c1          cbi  __lcd_port,__lcd_rd 	  ;RD=0
000182 b3a7          in    r26,__lcd_direction
000183 6fa7          ori   r26,0xf7                ;set as output
000184 bba7          out   __lcd_direction,r26
000185 b3b8          in    r27,__lcd_port
000186 70bf          andi  r27,0xf
000187 81a8          ld    r26,y
000188 940e 0102 	CALL __lcd_write_nibble_G100
00018a 9ac1          sbi   __lcd_port,__lcd_rd     ;RD=1
00018b c031      	RJMP _0x20C0002
                 ; .FEND
                 _lcd_init:
                 ; .FSTART _lcd_init
00018c 93aa      	ST   -Y,R26
00018d 98c2          cbi   __lcd_port,__lcd_enable ;EN=0
00018e 98c0          cbi   __lcd_port,__lcd_rs     ;RS=0
00018f 8098      	LDD  R9,Y+0
000190 81e8      	LD   R30,Y
000191 58e0      	SUBI R30,-LOW(128)
                +
000192 93e0 0163+STS __base_y_G100 + ( 2 ) , R30
                 	__PUTB1MN __base_y_G100,2
000194 81e8      	LD   R30,Y
000195 54e0      	SUBI R30,-LOW(192)
                +
000196 93e0 0164+STS __base_y_G100 + ( 3 ) , R30
                 	__PUTB1MN __base_y_G100,3
000198 940e 03a0 	CALL SUBOPT_0x3
00019a 940e 03a0 	CALL SUBOPT_0x3
00019c 940e 03a0 	CALL SUBOPT_0x3
00019e dfdc      	RCALL __long_delay_G100
00019f e2a0      	LDI  R26,LOW(32)
0001a0 dfdf      	RCALL __lcd_init_write_G100
0001a1 dfd9      	RCALL __long_delay_G100
0001a2 e2a8      	LDI  R26,LOW(40)
0001a3 940e 03a5 	CALL SUBOPT_0x4
0001a5 e0a4      	LDI  R26,LOW(4)
0001a6 940e 03a5 	CALL SUBOPT_0x4
0001a8 e8a5      	LDI  R26,LOW(133)
0001a9 940e 03a5 	CALL SUBOPT_0x4
0001ab b3a7          in    r26,__lcd_direction
0001ac 70af          andi  r26,0xf                 ;set as input
0001ad bba7          out   __lcd_direction,r26
0001ae 9ac1          sbi   __lcd_port,__lcd_rd     ;RD=1
0001af 940e 0124 	CALL _lcd_read_byte0_G100
0001b1 30e5      	CPI  R30,LOW(0x5)
0001b2 f011      	BREQ _0x200000B
0001b3 e0e0      	LDI  R30,LOW(0)
0001b4 c008      	RJMP _0x20C0002
                 _0x200000B:
0001b5 940e 00f1 	CALL __lcd_ready
0001b7 e0a6      	LDI  R26,LOW(6)
0001b8 940e 010c 	CALL __lcd_write_data
0001ba 940e 013d 	CALL _lcd_clear
0001bc e0e1      	LDI  R30,LOW(1)
                 _0x20C0002:
0001bd 9621      	ADIW R28,1
0001be 9508      	RET
                 ; .FEND
                 
                 	.CSEG
                 
                 	.DSEG
                 
                 	.CSEG
                 	#ifndef __SLEEP_DEFINED__
                 	#endif
                 
                 	.CSEG
                 _put_buff_G102:
                 ; .FSTART _put_buff_G102
0001bf 940e 03c6 	CALL __SAVELOCR6
0001c1 019d      	MOVW R18,R26
0001c2 815e      	LDD  R21,Y+6
0001c3 9612      	ADIW R26,2
                +
0001c4 91ed     +LD R30 , X +
0001c5 91fc     +LD R31 , X
0001c6 9711     +SBIW R26 , 1
                 	__GETW1P
0001c7 9730      	SBIW R30,0
0001c8 f141      	BREQ _0x2040010
0001c9 01d9      	MOVW R26,R18
0001ca 9614      	ADIW R26,4
                +
0001cb 91ed     +LD R30 , X +
0001cc 91fc     +LD R31 , X
0001cd 9711     +SBIW R26 , 1
                 	__GETW1P
0001ce 018f      	MOVW R16,R30
0001cf 9730      	SBIW R30,0
0001d0 f059      	BREQ _0x2040012
                +
0001d1 3002     +CPI R16 , LOW ( 2 )
0001d2 e0e0     +LDI R30 , HIGH ( 2 )
0001d3 071e     +CPC R17 , R30
                 	__CPWRN 16,17,2
0001d4 f080      	BRLO _0x2040013
0001d5 01f8      	MOVW R30,R16
0001d6 9731      	SBIW R30,1
0001d7 018f      	MOVW R16,R30
                +
0001d8 01d9     +MOVW R26 , R18
0001d9 9614     +ADIW R26 , 4
0001da 93ed     +ST X + , R30
0001db 93fc     +ST X , R31
                 	__PUTW1RNS 18,4
                 _0x2040012:
0001dc 01d9      	MOVW R26,R18
0001dd 9612      	ADIW R26,2
0001de 91ed      	LD   R30,X+
0001df 91fd      	LD   R31,X+
0001e0 9631      	ADIW R30,1
0001e1 93fe      	ST   -X,R31
0001e2 93ee      	ST   -X,R30
0001e3 9731      	SBIW R30,1
0001e4 8350      	ST   Z,R21
                 _0x2040013:
0001e5 01d9      	MOVW R26,R18
                +
0001e6 91ed     +LD R30 , X +
0001e7 91fc     +LD R31 , X
0001e8 9711     +SBIW R26 , 1
                 	__GETW1P
0001e9 23ff      	TST  R31
0001ea f02a      	BRMI _0x2040014
0001eb 91ed      	LD   R30,X+
0001ec 91fd      	LD   R31,X+
0001ed 9631      	ADIW R30,1
0001ee 93fe      	ST   -X,R31
0001ef 93ee      	ST   -X,R30
                 _0x2040014:
0001f0 c005      	RJMP _0x2040015
                 _0x2040010:
0001f1 01d9      	MOVW R26,R18
0001f2 efef      	LDI  R30,LOW(65535)
0001f3 efff      	LDI  R31,HIGH(65535)
0001f4 93ed      	ST   X+,R30
0001f5 93fc      	ST   X,R31
                 _0x2040015:
0001f6 940e 03cd 	CALL __LOADLOCR6
0001f8 9627      	ADIW R28,7
0001f9 9508      	RET
                 ; .FEND
                 __print_G102:
                 ; .FSTART __print_G102
0001fa 93ba      	ST   -Y,R27
0001fb 93aa      	ST   -Y,R26
0001fc 9726      	SBIW R28,6
0001fd 940e 03c6 	CALL __SAVELOCR6
0001ff e010      	LDI  R17,0
000200 85ac      	LDD  R26,Y+12
000201 85bd      	LDD  R27,Y+12+1
000202 e0e0      	LDI  R30,LOW(0)
000203 e0f0      	LDI  R31,HIGH(0)
000204 93ed      	ST   X+,R30
000205 93fc      	ST   X,R31
                 _0x2040016:
000206 89ea      	LDD  R30,Y+18
000207 89fb      	LDD  R31,Y+18+1
000208 9631      	ADIW R30,1
000209 8bea      	STD  Y+18,R30
00020a 8bfb      	STD  Y+18+1,R31
00020b 9731      	SBIW R30,1
00020c 91e4      	LPM  R30,Z
00020d 2f2e      	MOV  R18,R30
00020e 30e0      	CPI  R30,0
00020f f409      	BRNE PC+2
000210 c11e      	RJMP _0x2040018
000211 2fe1      	MOV  R30,R17
000212 30e0      	CPI  R30,0
000213 f439      	BRNE _0x204001C
000214 3225      	CPI  R18,37
000215 f411      	BRNE _0x204001D
000216 e011      	LDI  R17,LOW(1)
000217 c002      	RJMP _0x204001E
                 _0x204001D:
000218 940e 03a9 	CALL SUBOPT_0x5
                 _0x204001E:
00021a c113      	RJMP _0x204001B
                 _0x204001C:
00021b 30e1      	CPI  R30,LOW(0x1)
00021c f4a9      	BRNE _0x204001F
00021d 3225      	CPI  R18,37
00021e f419      	BRNE _0x2040020
00021f 940e 03a9 	CALL SUBOPT_0x5
000221 c10b      	RJMP _0x20400CC
                 _0x2040020:
000222 e012      	LDI  R17,LOW(2)
000223 e040      	LDI  R20,LOW(0)
000224 e000      	LDI  R16,LOW(0)
000225 322d      	CPI  R18,45
000226 f411      	BRNE _0x2040021
000227 e001      	LDI  R16,LOW(1)
000228 c105      	RJMP _0x204001B
                 _0x2040021:
000229 322b      	CPI  R18,43
00022a f411      	BRNE _0x2040022
00022b e24b      	LDI  R20,LOW(43)
00022c c101      	RJMP _0x204001B
                 _0x2040022:
00022d 3220      	CPI  R18,32
00022e f411      	BRNE _0x2040023
00022f e240      	LDI  R20,LOW(32)
000230 c0fd      	RJMP _0x204001B
                 _0x2040023:
000231 c002      	RJMP _0x2040024
                 _0x204001F:
000232 30e2      	CPI  R30,LOW(0x2)
000233 f439      	BRNE _0x2040025
                 _0x2040024:
000234 e050      	LDI  R21,LOW(0)
000235 e013      	LDI  R17,LOW(3)
000236 3320      	CPI  R18,48
000237 f411      	BRNE _0x2040026
000238 6800      	ORI  R16,LOW(128)
000239 c0f4      	RJMP _0x204001B
                 _0x2040026:
00023a c003      	RJMP _0x2040027
                 _0x2040025:
00023b 30e3      	CPI  R30,LOW(0x3)
00023c f009      	BREQ PC+2
00023d c0f0      	RJMP _0x204001B
                 _0x2040027:
00023e 3320      	CPI  R18,48
00023f f010      	BRLO _0x204002A
000240 332a      	CPI  R18,58
000241 f008      	BRLO _0x204002B
                 _0x204002A:
000242 c007      	RJMP _0x2040029
                 _0x204002B:
000243 e0aa      	LDI  R26,LOW(10)
000244 9f5a      	MUL  R21,R26
000245 2d50      	MOV  R21,R0
000246 2fe2      	MOV  R30,R18
000247 53e0      	SUBI R30,LOW(48)
000248 0f5e      	ADD  R21,R30
000249 c0e4      	RJMP _0x204001B
                 _0x2040029:
00024a 2fe2      	MOV  R30,R18
00024b 36e3      	CPI  R30,LOW(0x63)
00024c f449      	BRNE _0x204002F
00024d 940e 03b0 	CALL SUBOPT_0x6
00024f 89e8      	LDD  R30,Y+16
000250 89f9      	LDD  R31,Y+16+1
000251 81a4      	LDD  R26,Z+4
000252 93aa      	ST   -Y,R26
000253 940e 03b6 	CALL SUBOPT_0x7
000255 c0d7      	RJMP _0x2040030
                 _0x204002F:
000256 37e3      	CPI  R30,LOW(0x73)
000257 f441      	BRNE _0x2040032
000258 940e 03b0 	CALL SUBOPT_0x6
00025a 940e 03bc 	CALL SUBOPT_0x8
00025c 940e 0370 	CALL _strlen
00025e 2f1e      	MOV  R17,R30
00025f c00a      	RJMP _0x2040033
                 _0x2040032:
000260 37e0      	CPI  R30,LOW(0x70)
000261 f461      	BRNE _0x2040035
000262 940e 03b0 	CALL SUBOPT_0x6
000264 940e 03bc 	CALL SUBOPT_0x8
000266 940e 037c 	CALL _strlenf
000268 2f1e      	MOV  R17,R30
000269 6008      	ORI  R16,LOW(8)
                 _0x2040033:
00026a 6002      	ORI  R16,LOW(2)
00026b 770f      	ANDI R16,LOW(127)
00026c e030      	LDI  R19,LOW(0)
00026d c03d      	RJMP _0x2040036
                 _0x2040035:
00026e 36e4      	CPI  R30,LOW(0x64)
00026f f011      	BREQ _0x2040039
000270 36e9      	CPI  R30,LOW(0x69)
000271 f411      	BRNE _0x204003A
                 _0x2040039:
000272 6004      	ORI  R16,LOW(4)
000273 c002      	RJMP _0x204003B
                 _0x204003A:
000274 37e5      	CPI  R30,LOW(0x75)
000275 f431      	BRNE _0x204003C
                 _0x204003B:
000276 e5e4      	LDI  R30,LOW(_tbl10_G102*2)
000277 e0f0      	LDI  R31,HIGH(_tbl10_G102*2)
000278 83ee      	STD  Y+6,R30
000279 83ff      	STD  Y+6+1,R31
00027a e015      	LDI  R17,LOW(5)
00027b c00c      	RJMP _0x204003D
                 _0x204003C:
00027c 35e8      	CPI  R30,LOW(0x58)
00027d f411      	BRNE _0x204003F
00027e 6008      	ORI  R16,LOW(8)
00027f c003      	RJMP _0x2040040
                 _0x204003F:
000280 37e8      	CPI  R30,LOW(0x78)
000281 f009      	BREQ PC+2
000282 c0aa      	RJMP _0x2040071
                 _0x2040040:
000283 e5ee      	LDI  R30,LOW(_tbl16_G102*2)
000284 e0f0      	LDI  R31,HIGH(_tbl16_G102*2)
000285 83ee      	STD  Y+6,R30
000286 83ff      	STD  Y+6+1,R31
000287 e014      	LDI  R17,LOW(4)
                 _0x204003D:
000288 ff02      	SBRS R16,2
000289 c017      	RJMP _0x2040042
00028a 940e 03b0 	CALL SUBOPT_0x6
00028c 89a8      	LDD  R26,Y+16
00028d 89b9      	LDD  R27,Y+16+1
00028e 9614      	ADIW R26,4
00028f 91ed      	LD   R30,X+
000290 91fd      	LD   R31,X+
000291 87ea      	STD  Y+10,R30
000292 87fb      	STD  Y+10+1,R31
000293 85ab      	LDD  R26,Y+11
000294 23aa      	TST  R26
000295 f42a      	BRPL _0x2040043
000296 940e 03d4 	CALL __ANEGW1
000298 87ea      	STD  Y+10,R30
000299 87fb      	STD  Y+10+1,R31
00029a e24d      	LDI  R20,LOW(45)
                 _0x2040043:
00029b 3040      	CPI  R20,0
00029c f011      	BREQ _0x2040044
00029d 5f1f      	SUBI R17,-LOW(1)
00029e c001      	RJMP _0x2040045
                 _0x2040044:
00029f 7f0b      	ANDI R16,LOW(251)
                 _0x2040045:
0002a0 c00a      	RJMP _0x2040046
                 _0x2040042:
0002a1 940e 03b0 	CALL SUBOPT_0x6
0002a3 89a8      	LDD  R26,Y+16
0002a4 89b9      	LDD  R27,Y+16+1
0002a5 9614      	ADIW R26,4
                +
0002a6 91ed     +LD R30 , X +
0002a7 91fc     +LD R31 , X
0002a8 9711     +SBIW R26 , 1
                 	__GETW1P
0002a9 87ea      	STD  Y+10,R30
0002aa 87fb      	STD  Y+10+1,R31
                 _0x2040046:
                 _0x2040036:
0002ab fd00      	SBRC R16,0
0002ac c011      	RJMP _0x2040047
                 _0x2040048:
0002ad 1715      	CP   R17,R21
0002ae f478      	BRSH _0x204004A
0002af ff07      	SBRS R16,7
0002b0 c008      	RJMP _0x204004B
0002b1 ff02      	SBRS R16,2
0002b2 c004      	RJMP _0x204004C
0002b3 7f0b      	ANDI R16,LOW(251)
0002b4 2f24      	MOV  R18,R20
0002b5 5011      	SUBI R17,LOW(1)
0002b6 c001      	RJMP _0x204004D
                 _0x204004C:
0002b7 e320      	LDI  R18,LOW(48)
                 _0x204004D:
0002b8 c001      	RJMP _0x204004E
                 _0x204004B:
0002b9 e220      	LDI  R18,LOW(32)
                 _0x204004E:
0002ba 940e 03a9 	CALL SUBOPT_0x5
0002bc 5051      	SUBI R21,LOW(1)
0002bd cfef      	RJMP _0x2040048
                 _0x204004A:
                 _0x2040047:
0002be 2f31      	MOV  R19,R17
0002bf ff01      	SBRS R16,1
0002c0 c017      	RJMP _0x204004F
                 _0x2040050:
0002c1 3030      	CPI  R19,0
0002c2 f0a1      	BREQ _0x2040052
0002c3 ff03      	SBRS R16,3
0002c4 c006      	RJMP _0x2040053
0002c5 81ee      	LDD  R30,Y+6
0002c6 81ff      	LDD  R31,Y+6+1
0002c7 9125      	LPM  R18,Z+
0002c8 83ee      	STD  Y+6,R30
0002c9 83ff      	STD  Y+6+1,R31
0002ca c005      	RJMP _0x2040054
                 _0x2040053:
0002cb 81ae      	LDD  R26,Y+6
0002cc 81bf      	LDD  R27,Y+6+1
0002cd 912d      	LD   R18,X+
0002ce 83ae      	STD  Y+6,R26
0002cf 83bf      	STD  Y+6+1,R27
                 _0x2040054:
0002d0 940e 03a9 	CALL SUBOPT_0x5
0002d2 3050      	CPI  R21,0
0002d3 f009      	BREQ _0x2040055
0002d4 5051      	SUBI R21,LOW(1)
                 _0x2040055:
0002d5 5031      	SUBI R19,LOW(1)
0002d6 cfea      	RJMP _0x2040050
                 _0x2040052:
0002d7 c04b      	RJMP _0x2040056
                 _0x204004F:
                 _0x2040058:
0002d8 e320      	LDI  R18,LOW(48)
0002d9 81ee      	LDD  R30,Y+6
0002da 81ff      	LDD  R31,Y+6+1
0002db 940e 03fe 	CALL __GETW1PF
0002dd 87e8      	STD  Y+8,R30
0002de 87f9      	STD  Y+8+1,R31
0002df 81ee      	LDD  R30,Y+6
0002e0 81ff      	LDD  R31,Y+6+1
0002e1 9632      	ADIW R30,2
0002e2 83ee      	STD  Y+6,R30
0002e3 83ff      	STD  Y+6+1,R31
                 _0x204005A:
0002e4 85e8      	LDD  R30,Y+8
0002e5 85f9      	LDD  R31,Y+8+1
0002e6 85aa      	LDD  R26,Y+10
0002e7 85bb      	LDD  R27,Y+10+1
0002e8 17ae      	CP   R26,R30
0002e9 07bf      	CPC  R27,R31
0002ea f050      	BRLO _0x204005C
0002eb 5f2f      	SUBI R18,-LOW(1)
0002ec 85a8      	LDD  R26,Y+8
0002ed 85b9      	LDD  R27,Y+8+1
0002ee 85ea      	LDD  R30,Y+10
0002ef 85fb      	LDD  R31,Y+10+1
0002f0 1bea      	SUB  R30,R26
0002f1 0bfb      	SBC  R31,R27
0002f2 87ea      	STD  Y+10,R30
0002f3 87fb      	STD  Y+10+1,R31
0002f4 cfef      	RJMP _0x204005A
                 _0x204005C:
0002f5 332a      	CPI  R18,58
0002f6 f028      	BRLO _0x204005D
0002f7 ff03      	SBRS R16,3
0002f8 c002      	RJMP _0x204005E
0002f9 5f29      	SUBI R18,-LOW(7)
0002fa c001      	RJMP _0x204005F
                 _0x204005E:
0002fb 5d29      	SUBI R18,-LOW(39)
                 _0x204005F:
                 _0x204005D:
0002fc fd04      	SBRC R16,4
0002fd c01a      	RJMP _0x2040061
0002fe 3321      	CPI  R18,49
0002ff f420      	BRSH _0x2040063
000300 85a8      	LDD  R26,Y+8
000301 85b9      	LDD  R27,Y+8+1
000302 9711      	SBIW R26,1
000303 f409      	BRNE _0x2040062
                 _0x2040063:
000304 c009      	RJMP _0x20400CD
                 _0x2040062:
000305 1753      	CP   R21,R19
000306 f010      	BRLO _0x2040067
000307 ff00      	SBRS R16,0
000308 c001      	RJMP _0x2040068
                 _0x2040067:
000309 c013      	RJMP _0x2040066
                 _0x2040068:
00030a e220      	LDI  R18,LOW(32)
00030b ff07      	SBRS R16,7
00030c c00b      	RJMP _0x2040069
00030d e320      	LDI  R18,LOW(48)
                 _0x20400CD:
00030e 6100      	ORI  R16,LOW(16)
00030f ff02      	SBRS R16,2
000310 c007      	RJMP _0x204006A
000311 7f0b      	ANDI R16,LOW(251)
000312 934a      	ST   -Y,R20
000313 940e 03b6 	CALL SUBOPT_0x7
000315 3050      	CPI  R21,0
000316 f009      	BREQ _0x204006B
000317 5051      	SUBI R21,LOW(1)
                 _0x204006B:
                 _0x204006A:
                 _0x2040069:
                 _0x2040061:
000318 940e 03a9 	CALL SUBOPT_0x5
00031a 3050      	CPI  R21,0
00031b f009      	BREQ _0x204006C
00031c 5051      	SUBI R21,LOW(1)
                 _0x204006C:
                 _0x2040066:
00031d 5031      	SUBI R19,LOW(1)
00031e 85a8      	LDD  R26,Y+8
00031f 85b9      	LDD  R27,Y+8+1
000320 9712      	SBIW R26,2
000321 f008      	BRLO _0x2040059
000322 cfb5      	RJMP _0x2040058
                 _0x2040059:
                 _0x2040056:
000323 ff00      	SBRS R16,0
000324 c008      	RJMP _0x204006D
                 _0x204006E:
000325 3050      	CPI  R21,0
000326 f031      	BREQ _0x2040070
000327 5051      	SUBI R21,LOW(1)
000328 e2e0      	LDI  R30,LOW(32)
000329 93ea      	ST   -Y,R30
00032a 940e 03b6 	CALL SUBOPT_0x7
00032c cff8      	RJMP _0x204006E
                 _0x2040070:
                 _0x204006D:
                 _0x2040071:
                 _0x2040030:
                 _0x20400CC:
00032d e010      	LDI  R17,LOW(0)
                 _0x204001B:
00032e ced7      	RJMP _0x2040016
                 _0x2040018:
00032f 85ac      	LDD  R26,Y+12
000330 85bd      	LDD  R27,Y+12+1
000331 91ed      	LD   R30,X+
000332 91fd      	LD   R31,X+
000333 940e 03cd 	CALL __LOADLOCR6
000335 9664      	ADIW R28,20
000336 9508      	RET
                 ; .FEND
                 _sprintf:
                 ; .FSTART _sprintf
000337 92ff      	PUSH R15
000338 2ef8      	MOV  R15,R24
000339 9726      	SBIW R28,6
00033a 940e 03c6 	CALL __SAVELOCR6
00033c 01fe      	MOVW R30,R28
                +
00033d 2400     +CLR R0
00033e 0def     +ADD R30 , R15
00033f 1df0     +ADC R31 , R0
                 	__ADDW1R15
                +
000340 8546     +LDD R20 , Z + 14
000341 8557     +LDD R21 , Z + 14 + 1
                 	__GETWRZ 20,21,14
000342 2e04      	MOV  R0,R20
000343 2a05      	OR   R0,R21
000344 f419      	BRNE _0x2040072
000345 efef      	LDI  R30,LOW(65535)
000346 efff      	LDI  R31,HIGH(65535)
000347 c023      	RJMP _0x20C0001
                 _0x2040072:
000348 01de      	MOVW R26,R28
000349 9618      	ADIW R26,8
                +
00034a 2400     +CLR R0
00034b 0daf     +ADD R26 , R15
00034c 1db0     +ADC R27 , R0
                 	__ADDW2R15
00034d 018d      	MOVW R16,R26
                +
00034e 8748     +STD Y + 8 , R20
00034f 8759     +STD Y + 8 + 1 , R21
                 	__PUTWSR 20,21,8
000350 e0e0      	LDI  R30,LOW(0)
000351 87ea      	STD  Y+10,R30
000352 87eb      	STD  Y+10+1,R30
000353 01de      	MOVW R26,R28
000354 961c      	ADIW R26,12
                +
000355 2400     +CLR R0
000356 0daf     +ADD R26 , R15
000357 1db0     +ADC R27 , R0
                 	__ADDW2R15
000358 91ed      	LD   R30,X+
000359 91fd      	LD   R31,X+
00035a 93fa      	ST   -Y,R31
00035b 93ea      	ST   -Y,R30
00035c 931a      	ST   -Y,R17
00035d 930a      	ST   -Y,R16
00035e ebef      	LDI  R30,LOW(_put_buff_G102)
00035f e0f1      	LDI  R31,HIGH(_put_buff_G102)
000360 93fa      	ST   -Y,R31
000361 93ea      	ST   -Y,R30
000362 01de      	MOVW R26,R28
000363 961c      	ADIW R26,12
000364 de95      	RCALL __print_G102
000365 019f      	MOVW R18,R30
000366 85a8      	LDD  R26,Y+8
000367 85b9      	LDD  R27,Y+8+1
000368 e0e0      	LDI  R30,LOW(0)
000369 93ec      	ST   X,R30
00036a 01f9      	MOVW R30,R18
                 _0x20C0001:
00036b 940e 03cd 	CALL __LOADLOCR6
00036d 962c      	ADIW R28,12
00036e 90ff      	POP  R15
00036f 9508      	RET
                 ; .FEND
                 
                 	.CSEG
                 
                 	.CSEG
                 
                 	.CSEG
                 _strlen:
                 ; .FSTART _strlen
000370 93ba      	ST   -Y,R27
000371 93aa      	ST   -Y,R26
000372 91a9          ld   r26,y+
000373 91b9          ld   r27,y+
000374 27ee          clr  r30
000375 27ff          clr  r31
                 strlen0:
000376 916d          ld   r22,x+
000377 2366          tst  r22
000378 f011          breq strlen1
000379 9631          adiw r30,1
00037a cffb          rjmp strlen0
                 strlen1:
00037b 9508          ret
                 ; .FEND
                 _strlenf:
                 ; .FSTART _strlenf
00037c 93ba      	ST   -Y,R27
00037d 93aa      	ST   -Y,R26
00037e 27aa          clr  r26
00037f 27bb          clr  r27
000380 91e9          ld   r30,y+
000381 91f9          ld   r31,y+
                 strlenf0:
000382 9005      	lpm  r0,z+
000383 2000          tst  r0
000384 f011          breq strlenf1
000385 9611          adiw r26,1
000386 cffb          rjmp strlenf0
                 strlenf1:
000387 01fd          movw r30,r26
000388 9508          ret
                 ; .FEND
                 
                 	.DSEG
                 _str1:
000160           	.BYTE 0x1
                 __base_y_G100:
000161           	.BYTE 0x4
                 __seed_G101:
000165           	.BYTE 0x4
                 
                 	.CSEG
                 ;OPTIMIZER ADDED SUBROUTINE, CALLED 3 TIMES, CODE SIZE REDUCTION:1 WORDS
                 SUBOPT_0x0:
000389 e6e0      	LDI  R30,LOW(_str1)
00038a e0f1      	LDI  R31,HIGH(_str1)
00038b 93fa      	ST   -Y,R31
00038c 93ea      	ST   -Y,R30
00038d 9508      	RET
                 
                 ;OPTIMIZER ADDED SUBROUTINE, CALLED 3 TIMES, CODE SIZE REDUCTION:19 WORDS
                 SUBOPT_0x1:
00038e 93fa      	ST   -Y,R31
00038f 93ea      	ST   -Y,R30
000390 01f2      	MOVW R30,R4
                +
000391 2f6f     +MOV R22 , R31
000392 0f66     +ADD R22 , R22
000393 0b66     +SBC R22 , R22
000394 2f76     +MOV R23 , R22
                 	__CWD1
000395 940e 0402 	CALL __PUTPARD1
000397 e084      	LDI  R24,4
000398 940e 0337 	CALL _sprintf
00039a 9628      	ADIW R28,8
00039b 9508      	RET
                 
                 ;OPTIMIZER ADDED SUBROUTINE, CALLED 3 TIMES, CODE SIZE REDUCTION:1 WORDS
                 SUBOPT_0x2:
00039c e1a9      	LDI  R26,LOW(25)
00039d e0b0      	LDI  R27,0
00039e 940c 0407 	JMP  _delay_ms
                 
                 ;OPTIMIZER ADDED SUBROUTINE, CALLED 3 TIMES, CODE SIZE REDUCTION:3 WORDS
                 SUBOPT_0x3:
0003a0 940e 017b 	CALL __long_delay_G100
0003a2 e3a0      	LDI  R26,LOW(48)
0003a3 940c 0180 	JMP  __lcd_init_write_G100
                 
                 ;OPTIMIZER ADDED SUBROUTINE, CALLED 3 TIMES, CODE SIZE REDUCTION:1 WORDS
                 SUBOPT_0x4:
0003a5 940e 010c 	CALL __lcd_write_data
0003a7 940c 017b 	JMP  __long_delay_G100
                 
                 ;OPTIMIZER ADDED SUBROUTINE, CALLED 5 TIMES, CODE SIZE REDUCTION:13 WORDS
                 SUBOPT_0x5:
0003a9 932a      	ST   -Y,R18
0003aa 85ad      	LDD  R26,Y+13
0003ab 85be      	LDD  R27,Y+13+1
0003ac 85ef      	LDD  R30,Y+15
0003ad 89f8      	LDD  R31,Y+15+1
0003ae 9509      	ICALL
0003af 9508      	RET
                 
                 ;OPTIMIZER ADDED SUBROUTINE, CALLED 5 TIMES, CODE SIZE REDUCTION:9 WORDS
                 SUBOPT_0x6:
0003b0 89e8      	LDD  R30,Y+16
0003b1 89f9      	LDD  R31,Y+16+1
0003b2 9734      	SBIW R30,4
0003b3 8be8      	STD  Y+16,R30
0003b4 8bf9      	STD  Y+16+1,R31
0003b5 9508      	RET
                 
                 ;OPTIMIZER ADDED SUBROUTINE, CALLED 3 TIMES, CODE SIZE REDUCTION:3 WORDS
                 SUBOPT_0x7:
0003b6 85ad      	LDD  R26,Y+13
0003b7 85be      	LDD  R27,Y+13+1
0003b8 85ef      	LDD  R30,Y+15
0003b9 89f8      	LDD  R31,Y+15+1
0003ba 9509      	ICALL
0003bb 9508      	RET
                 
                 ;OPTIMIZER ADDED SUBROUTINE, CALLED 2 TIMES, CODE SIZE REDUCTION:4 WORDS
                 SUBOPT_0x8:
0003bc 89a8      	LDD  R26,Y+16
0003bd 89b9      	LDD  R27,Y+16+1
0003be 9614      	ADIW R26,4
0003bf 91ed      	LD   R30,X+
0003c0 91fd      	LD   R31,X+
0003c1 83ee      	STD  Y+6,R30
0003c2 83ff      	STD  Y+6+1,R31
0003c3 81ae      	LDD  R26,Y+6
0003c4 81bf      	LDD  R27,Y+6+1
0003c5 9508      	RET
                 
                 ;RUNTIME LIBRARY
                 
                 	.CSEG
                 __SAVELOCR6:
0003c6 935a      	ST   -Y,R21
                 __SAVELOCR5:
0003c7 934a      	ST   -Y,R20
                 __SAVELOCR4:
0003c8 933a      	ST   -Y,R19
                 __SAVELOCR3:
0003c9 932a      	ST   -Y,R18
                 __SAVELOCR2:
0003ca 931a      	ST   -Y,R17
0003cb 930a      	ST   -Y,R16
0003cc 9508      	RET
                 
                 __LOADLOCR6:
0003cd 815d      	LDD  R21,Y+5
                 __LOADLOCR5:
0003ce 814c      	LDD  R20,Y+4
                 __LOADLOCR4:
0003cf 813b      	LDD  R19,Y+3
                 __LOADLOCR3:
0003d0 812a      	LDD  R18,Y+2
                 __LOADLOCR2:
0003d1 8119      	LDD  R17,Y+1
0003d2 8108      	LD   R16,Y
0003d3 9508      	RET
                 
                 __ANEGW1:
0003d4 95f1      	NEG  R31
0003d5 95e1      	NEG  R30
0003d6 40f0      	SBCI R31,0
0003d7 9508      	RET
                 
                 __DIVW21U:
0003d8 2400      	CLR  R0
0003d9 2411      	CLR  R1
0003da e190      	LDI  R25,16
                 __DIVW21U1:
0003db 0faa      	LSL  R26
0003dc 1fbb      	ROL  R27
0003dd 1c00      	ROL  R0
0003de 1c11      	ROL  R1
0003df 1a0e      	SUB  R0,R30
0003e0 0a1f      	SBC  R1,R31
0003e1 f418      	BRCC __DIVW21U2
0003e2 0e0e      	ADD  R0,R30
0003e3 1e1f      	ADC  R1,R31
0003e4 c001      	RJMP __DIVW21U3
                 __DIVW21U2:
0003e5 60a1      	SBR  R26,1
                 __DIVW21U3:
0003e6 959a      	DEC  R25
0003e7 f799      	BRNE __DIVW21U1
0003e8 01fd      	MOVW R30,R26
0003e9 01d0      	MOVW R26,R0
0003ea 9508      	RET
                 
                 __DIVW21:
0003eb d004      	RCALL __CHKSIGNW
0003ec dfeb      	RCALL __DIVW21U
0003ed f40e      	BRTC __DIVW211
0003ee dfe5      	RCALL __ANEGW1
                 __DIVW211:
0003ef 9508      	RET
                 
                 __CHKSIGNW:
0003f0 94e8      	CLT
0003f1 fff7      	SBRS R31,7
0003f2 c002      	RJMP __CHKSW1
0003f3 dfe0      	RCALL __ANEGW1
0003f4 9468      	SET
                 __CHKSW1:
0003f5 ffb7      	SBRS R27,7
0003f6 c006      	RJMP __CHKSW2
0003f7 95b1      	NEG  R27
0003f8 95a1      	NEG  R26
0003f9 40b0      	SBCI R27,0
0003fa f800      	BLD  R0,0
0003fb 9403      	INC  R0
0003fc fa00      	BST  R0,0
                 __CHKSW2:
0003fd 9508      	RET
                 
                 __GETW1PF:
0003fe 9005      	LPM  R0,Z+
0003ff 91f4      	LPM  R31,Z
000400 2de0      	MOV  R30,R0
000401 9508      	RET
                 
                 __PUTPARD1:
000402 937a      	ST   -Y,R23
000403 936a      	ST   -Y,R22
000404 93fa      	ST   -Y,R31
000405 93ea      	ST   -Y,R30
000406 9508      	RET
                 
                 _delay_ms:
000407 9610      	adiw r26,0
000408 f039      	breq __delay_ms1
                 __delay_ms0:
000409 95a8      	wdr
                +
00040a ef8a     +LDI R24 , LOW ( 0xFA )
00040b e090     +LDI R25 , HIGH ( 0xFA )
                +__DELAY_USW_LOOP :
00040c 9701     +SBIW R24 , 1
00040d f7f1     +BRNE __DELAY_USW_LOOP
                 	__DELAY_USW 0xFA
00040e 9711      	sbiw r26,1
00040f f7c9      	brne __delay_ms0
                 __delay_ms1:
000410 9508      	ret
                 
                 ;END OF CODE MARKER
                 __END_OF_CODE:


RESOURCE USE INFORMATION
------------------------

Notice:
The register and instruction counts are symbol table hit counts,
and hence implicitly used resources are not counted, eg, the
'lpm' instruction without operands implicitly uses r0 and z,
none of which are counted.

x,y,z are separate entities in the symbol table and are
counted separately from r26..r31 here.

.dseg memory usage only counts static data declared with .byte

ATmega16 register use summary:
r0 :  25 r1 :   5 r2 :   0 r3 :   0 r4 :   6 r5 :   4 r6 :   4 r7 :   4 
r8 :   0 r9 :   2 r10:   0 r11:   0 r12:   0 r13:   0 r14:   0 r15:   6 
r16:  32 r17:  22 r18:  35 r19:   8 r20:  12 r21:  22 r22:  11 r23:   2 
r24:  11 r25:   5 r26: 122 r27:  42 r28:  14 r29:   1 r30: 179 r31:  84 
x  :  37 y  : 146 z  :  17 
Registers used: 27 out of 35 (77.1%)

ATmega16 instruction use summary:
.lds  :   0 .lds.l:   0 .sts  :   0 .sts.l:   0 adc   :   4 add   :   7 
adiw  :  24 and   :   0 andi  :  10 asr   :   0 bclr  :   0 bld   :   1 
brbc  :   0 brbs  :   0 brcc  :   1 brcs  :   0 break :   0 breq  :  18 
brge  :   3 brhc  :   0 brhs  :   0 brid  :   0 brie  :   0 brlo  :   8 
brlt  :   1 brmi  :   1 brne  :  26 brpl  :   1 brsh  :   2 brtc  :   1 
brts  :   1 brvc  :   0 brvs  :   0 bset  :   0 bst   :   1 call  :  68 
cbi   :  13 cbr   :   0 clc   :   0 clh   :   0 cli   :   1 cln   :   0 
clr   :  13 cls   :   0 clt   :   2 clv   :   0 clz   :   0 com   :   0 
cp    :   8 cpc   :   6 cpi   :  33 cpse  :   0 dec   :   3 des   :   0 
eor   :   0 fmul  :   0 fmuls :   0 fmulsu:   0 icall :   2 ijmp  :   0 
in    :  10 inc   :   3 jmp   :  27 ld    :  37 ldd   :  65 ldi   :  99 
lds   :   0 lpm   :  14 lsl   :   1 lsr   :   0 mov   :  20 movw  :  25 
mul   :   1 muls  :   0 mulsu :   0 neg   :   4 nop   :   0 or    :   3 
ori   :   8 out   :  18 pop   :   3 push  :   3 rcall :  20 ret   :  31 
reti  :   0 rjmp  :  65 rol   :   3 ror   :   0 sbc   :   3 sbci  :   3 
sbi   :  14 sbic  :   0 sbis  :   1 sbiw  :  20 sbr   :   1 sbrc  :   3 
sbrs  :  12 sec   :   0 seh   :   0 sei   :   0 sen   :   0 ser   :   0 
ses   :   0 set   :   2 sev   :   0 sez   :   0 sleep :   0 spm   :   0 
st    :  54 std   :  32 sts   :   2 sub   :   2 subi  :  16 swap  :   2 
tst   :   4 wdr   :   1 
Instructions used: 65 out of 116 (56.0%)

ATmega16 memory use summary [bytes]:
Segment   Begin    End      Code   Data   Used    Size   Use%
---------------------------------------------------------------
[.cseg] 0x000000 0x000822   1972    110   2082   16384  12.7%
[.dseg] 0x000060 0x000169      0      9      9    1024   0.9%
[.eseg] 0x000000 0x000000      0      0      0     512   0.0%

Assembly complete, 0 errors, 8 warnings
