# Design: Design exe1 already active.
# DESIGN: Default Design Language: VHDL
# DESIGN: Default BDE Language: VHDL
# DESIGN: C-Synthesis: Not Defined
# DESIGN: HDL Synthesis: Not Defined
# DESIGN: Physical Synthesis: Not Defined
# DESIGN: Implementation: Not Defined
# Design: 3:22 PM, Thursday, December 14, 2023
# Design: Opening design "D:\CAD-HW03-HnaieVatani\exe3\exe3\exe3.adf"
acom -reorder -O3 -e 100 -work exe1 -2002  $dsn/src/exe1.vhd
# Warning: DAGGEN_0523: The source is compiled without the -dbg switch. Line breakpoints and assertion debug will not be available.
# File: D:/CAD-HW03-HnaieVatani/exe1/exe1/src/exe1.vhd
# Compile Entity "exe1"
# Compile Architecture "exe1" of Entity "exe1"
# Top-level unit(s) detected:
# Entity => exe1
# Compile success 0 Errors 0 Warnings  Analysis time :  0.1 [s]
# ELBREAD: Elaboration process.
# ELBREAD: Elaboration time 0.0 [s].
acom -O3 -e 100 -work exe1 -2002  $dsn/src/TestBench/exe1_TB.vhd
# Warning: DAGGEN_0523: The source is compiled without the -dbg switch. Line breakpoints and assertion debug will not be available.
# File: D:/CAD-HW03-HnaieVatani/exe1/exe1/src/TestBench/exe1_TB.vhd
# Compile Entity "exe1_tb"
# Compile Architecture "TB_ARCHITECTURE" of Entity "exe1_tb"
# Error: COMP96_0085: TestBench/exe1_TB.vhd : (46, 13): Time expression expected.
# Compile Configuration "TESTBENCH_FOR_exe1"
# Error: COMP96_0209: TestBench/exe1_TB.vhd : (51, 6): Unknown architecture name used in configuration declaration.
# Compile failure 2 Errors 0 Warnings  Analysis time :  0.0 [ms]
acom -O3 -e 100 -work exe1 -2002  $dsn/src/TestBench/exe1_TB.vhd
# Warning: DAGGEN_0523: The source is compiled without the -dbg switch. Line breakpoints and assertion debug will not be available.
# File: D:/CAD-HW03-HnaieVatani/exe1/exe1/src/TestBench/exe1_TB.vhd
# Compile Entity "exe1_tb"
# Compile Architecture "TB_ARCHITECTURE" of Entity "exe1_tb"
# Error: COMP96_0085: TestBench/exe1_TB.vhd : (45, 105): Time expression expected.
# Compile Configuration "TESTBENCH_FOR_exe1"
# Error: COMP96_0209: TestBench/exe1_TB.vhd : (50, 6): Unknown architecture name used in configuration declaration.
# Compile failure 2 Errors 0 Warnings  Analysis time :  16.0 [ms]
acom -O3 -e 100 -work exe1 -2002  $dsn/src/TestBench/exe1_TB.vhd
# Warning: DAGGEN_0523: The source is compiled without the -dbg switch. Line breakpoints and assertion debug will not be available.
# File: D:/CAD-HW03-HnaieVatani/exe1/exe1/src/TestBench/exe1_TB.vhd
# Compile Entity "exe1_tb"
# Compile Architecture "TB_ARCHITECTURE" of Entity "exe1_tb"
# Error: COMP96_0085: TestBench/exe1_TB.vhd : (45, 105): Time expression expected.
# Compile Configuration "TESTBENCH_FOR_exe1"
# Error: COMP96_0209: TestBench/exe1_TB.vhd : (50, 6): Unknown architecture name used in configuration declaration.
# Compile failure 2 Errors 0 Warnings  Analysis time :  15.0 [ms]
acom -O3 -e 100 -work exe1 -2002  $dsn/src/TestBench/exe1_TB.vhd
# Warning: DAGGEN_0523: The source is compiled without the -dbg switch. Line breakpoints and assertion debug will not be available.
# File: D:/CAD-HW03-HnaieVatani/exe1/exe1/src/TestBench/exe1_TB.vhd
# Compile Entity "exe1_tb"
# Compile Architecture "TB_ARCHITECTURE" of Entity "exe1_tb"
# Error: COMP96_0085: TestBench/exe1_TB.vhd : (45, 105): Time expression expected.
# Compile Configuration "TESTBENCH_FOR_exe1"
# Error: COMP96_0209: TestBench/exe1_TB.vhd : (50, 6): Unknown architecture name used in configuration declaration.
# Compile failure 2 Errors 0 Warnings  Analysis time :  16.0 [ms]
acom -O3 -e 100 -work exe1 -2002  $dsn/src/TestBench/exe1_TB.vhd
# Warning: DAGGEN_0523: The source is compiled without the -dbg switch. Line breakpoints and assertion debug will not be available.
# File: D:/CAD-HW03-HnaieVatani/exe1/exe1/src/TestBench/exe1_TB.vhd
# Compile Entity "exe1_tb"
# Compile Architecture "TB_ARCHITECTURE" of Entity "exe1_tb"
# Error: COMP96_0085: TestBench/exe1_TB.vhd : (45, 105): Time expression expected.
# Compile Configuration "TESTBENCH_FOR_exe1"
# Error: COMP96_0209: TestBench/exe1_TB.vhd : (50, 6): Unknown architecture name u