Active-HDL 13.0.375.8320 2023-12-14 15:36:03

Elaboration top modules:
VHDL Configuration            testbench_for_exe1


----------------------------------------------------------------------------------------------
Entity   | Architecture    | Library | Info | Compiler Version          | Compilation Options
----------------------------------------------------------------------------------------------
exe1_tb  | TB_ARCHITECTURE | exe1    |      | 13.0.375.8320 (Windows64) | -O3
exe1     | exe1            | exe1    |      | 13.0.375.8320 (Windows64) | -O3
----------------------------------------------------------------------------------------------

----------------------------------------------------------------------------------------------
VHDL Configuration         | Library | Info | Compiler Version          | Compilation Options
----------------------------------------------------------------------------------------------
testbench_for_exe1         | exe1    |      | 13.0.375.8320 (Windows64) | -O3
----------------------------------------------------------------------------------------------

----------------------------------------------------------------------------------------------
VHDL Package               | Library | Info | Compiler Version          | Compilation Options
----------------------------------------------------------------------------------------------
standard                   | std     |      |                           | <unavailable>
TEXTIO                     | std     |      | 13.0.375.8320 (Windows64) |  -2019
std_logic_1164             | ieee    |      | 13.0.375.8320 (Windows64) |  -2008
----------------------------------------------------------------------------------------------

----------------------------------------------------------------------------------------------
Library                    | Comment
----------------------------------------------------------------------------------------------
exe1                       | None
ieee                       | Standard IEEE packages library
std                        | Standard VHDL library
----------------------------------------------------------------------------------------------


Simulation Options: asim +access +r TESTBENCH_FOR_exe1

