RAM Allocation [bytes]
Variable                                                                          Address   Size
------------------------------------------------------------------------------------------------

EEPROM Allocation [bytes]
Variable                                                                          Address   Size
------------------------------------------------------------------------------------------------

Register Allocation
Variable                                                                          Register  Size
------------------------------------------------------------------------------------------------
a                                                                                 R5           1
out                                                                               R4           1
model1                                                                            R7           1
model2                                                                            R6           1

FLASH Allocation [words]
Function                                                                          Address   Size
------------------------------------------------------------------------------------------------
button_start                                                                      0x0005D      6
button_change                                                                     0x00063      6
button_stop                                                                       0x00069     11
main                                                                              0x00074     68
